Archive member included to satisfy reference by file (symbol)

D:/stm32ide/STM32CubeIDE_1.17.0/STM32CubeIDE/plugins/com.st.stm32cube.ide.mcu.externaltools.gnu-tools-for-stm32.12.3.rel1.win32_1.1.0.202410251130/tools/bin/../lib/gcc/arm-none-eabi/12.3.1/../../../../arm-none-eabi/lib/thumb/v7e-m+fp/hard\libc_nano.a(libc_a-exit.o)
                              D:/stm32ide/STM32CubeIDE_1.17.0/STM32CubeIDE/plugins/com.st.stm32cube.ide.mcu.externaltools.gnu-tools-for-stm32.12.3.rel1.win32_1.1.0.202410251130/tools/bin/../lib/gcc/arm-none-eabi/12.3.1/../../../../arm-none-eabi/lib/thumb/v7e-m+fp/hard/crt0.o (exit)
D:/stm32ide/STM32CubeIDE_1.17.0/STM32CubeIDE/plugins/com.st.stm32cube.ide.mcu.externaltools.gnu-tools-for-stm32.12.3.rel1.win32_1.1.0.202410251130/tools/bin/../lib/gcc/arm-none-eabi/12.3.1/../../../../arm-none-eabi/lib/thumb/v7e-m+fp/hard\libc_nano.a(libc_a-findfp.o)
                              D:/stm32ide/STM32CubeIDE_1.17.0/STM32CubeIDE/plugins/com.st.stm32cube.ide.mcu.externaltools.gnu-tools-for-stm32.12.3.rel1.win32_1.1.0.202410251130/tools/bin/../lib/gcc/arm-none-eabi/12.3.1/../../../../arm-none-eabi/lib/thumb/v7e-m+fp/hard\libc_nano.a(libc_a-exit.o) (__stdio_exit_handler)
D:/stm32ide/STM32CubeIDE_1.17.0/STM32CubeIDE/plugins/com.st.stm32cube.ide.mcu.externaltools.gnu-tools-for-stm32.12.3.rel1.win32_1.1.0.202410251130/tools/bin/../lib/gcc/arm-none-eabi/12.3.1/../../../../arm-none-eabi/lib/thumb/v7e-m+fp/hard\libc_nano.a(libc_a-fwalk.o)
                              D:/stm32ide/STM32CubeIDE_1.17.0/STM32CubeIDE/plugins/com.st.stm32cube.ide.mcu.externaltools.gnu-tools-for-stm32.12.3.rel1.win32_1.1.0.202410251130/tools/bin/../lib/gcc/arm-none-eabi/12.3.1/../../../../arm-none-eabi/lib/thumb/v7e-m+fp/hard\libc_nano.a(libc_a-findfp.o) (_fwalk_sglue)
D:/stm32ide/STM32CubeIDE_1.17.0/STM32CubeIDE/plugins/com.st.stm32cube.ide.mcu.externaltools.gnu-tools-for-stm32.12.3.rel1.win32_1.1.0.202410251130/tools/bin/../lib/gcc/arm-none-eabi/12.3.1/../../../../arm-none-eabi/lib/thumb/v7e-m+fp/hard\libc_nano.a(libc_a-stdio.o)
                              D:/stm32ide/STM32CubeIDE_1.17.0/STM32CubeIDE/plugins/com.st.stm32cube.ide.mcu.externaltools.gnu-tools-for-stm32.12.3.rel1.win32_1.1.0.202410251130/tools/bin/../lib/gcc/arm-none-eabi/12.3.1/../../../../arm-none-eabi/lib/thumb/v7e-m+fp/hard\libc_nano.a(libc_a-findfp.o) (__sread)
D:/stm32ide/STM32CubeIDE_1.17.0/STM32CubeIDE/plugins/com.st.stm32cube.ide.mcu.externaltools.gnu-tools-for-stm32.12.3.rel1.win32_1.1.0.202410251130/tools/bin/../lib/gcc/arm-none-eabi/12.3.1/../../../../arm-none-eabi/lib/thumb/v7e-m+fp/hard\libc_nano.a(libc_a-memset.o)
                              D:/stm32ide/STM32CubeIDE_1.17.0/STM32CubeIDE/plugins/com.st.stm32cube.ide.mcu.externaltools.gnu-tools-for-stm32.12.3.rel1.win32_1.1.0.202410251130/tools/bin/../lib/gcc/arm-none-eabi/12.3.1/../../../../arm-none-eabi/lib/thumb/v7e-m+fp/hard/crt0.o (memset)
D:/stm32ide/STM32CubeIDE_1.17.0/STM32CubeIDE/plugins/com.st.stm32cube.ide.mcu.externaltools.gnu-tools-for-stm32.12.3.rel1.win32_1.1.0.202410251130/tools/bin/../lib/gcc/arm-none-eabi/12.3.1/../../../../arm-none-eabi/lib/thumb/v7e-m+fp/hard\libc_nano.a(libc_a-closer.o)
                              D:/stm32ide/STM32CubeIDE_1.17.0/STM32CubeIDE/plugins/com.st.stm32cube.ide.mcu.externaltools.gnu-tools-for-stm32.12.3.rel1.win32_1.1.0.202410251130/tools/bin/../lib/gcc/arm-none-eabi/12.3.1/../../../../arm-none-eabi/lib/thumb/v7e-m+fp/hard\libc_nano.a(libc_a-stdio.o) (_close_r)
D:/stm32ide/STM32CubeIDE_1.17.0/STM32CubeIDE/plugins/com.st.stm32cube.ide.mcu.externaltools.gnu-tools-for-stm32.12.3.rel1.win32_1.1.0.202410251130/tools/bin/../lib/gcc/arm-none-eabi/12.3.1/../../../../arm-none-eabi/lib/thumb/v7e-m+fp/hard\libc_nano.a(libc_a-reent.o)
                              D:/stm32ide/STM32CubeIDE_1.17.0/STM32CubeIDE/plugins/com.st.stm32cube.ide.mcu.externaltools.gnu-tools-for-stm32.12.3.rel1.win32_1.1.0.202410251130/tools/bin/../lib/gcc/arm-none-eabi/12.3.1/../../../../arm-none-eabi/lib/thumb/v7e-m+fp/hard\libc_nano.a(libc_a-closer.o) (errno)
D:/stm32ide/STM32CubeIDE_1.17.0/STM32CubeIDE/plugins/com.st.stm32cube.ide.mcu.externaltools.gnu-tools-for-stm32.12.3.rel1.win32_1.1.0.202410251130/tools/bin/../lib/gcc/arm-none-eabi/12.3.1/../../../../arm-none-eabi/lib/thumb/v7e-m+fp/hard\libc_nano.a(libc_a-impure.o)
                              D:/stm32ide/STM32CubeIDE_1.17.0/STM32CubeIDE/plugins/com.st.stm32cube.ide.mcu.externaltools.gnu-tools-for-stm32.12.3.rel1.win32_1.1.0.202410251130/tools/bin/../lib/gcc/arm-none-eabi/12.3.1/../../../../arm-none-eabi/lib/thumb/v7e-m+fp/hard\libc_nano.a(libc_a-reent.o) (_impure_ptr)
D:/stm32ide/STM32CubeIDE_1.17.0/STM32CubeIDE/plugins/com.st.stm32cube.ide.mcu.externaltools.gnu-tools-for-stm32.12.3.rel1.win32_1.1.0.202410251130/tools/bin/../lib/gcc/arm-none-eabi/12.3.1/../../../../arm-none-eabi/lib/thumb/v7e-m+fp/hard\libc_nano.a(libc_a-lseekr.o)
[...]
Memory Configuration

Name             Origin             Length             Attributes
CCMRAM           0x10000000         0x00010000         xrw
RAM              0x20000000         0x00020000         xrw
FLASH            0x08000000         0x00100000         xr
*default*        0x00000000         0xffffffff

Linker script and memory map

LOAD D:/stm32ide/STM32CubeIDE_1.17.0/STM32CubeIDE/plugins/com.st.stm32cube.ide.mcu.externaltools.gnu-tools-for-stm32.12.3.rel1.win32_1.1.0.202410251130/tools/bin/../lib/gcc/arm-none-eabi/12.3.1/thumb/v7e-m+fp/hard/crti.o
LOAD D:/stm32ide/STM32CubeIDE_1.17.0/STM32CubeIDE/plugins/com.st.stm32cube.ide.mcu.externaltools.gnu-tools-for-stm32.12.3.rel1.win32_1.1.0.202410251130/tools/bin/../lib/gcc/arm-none-eabi/12.3.1/thumb/v7e-m+fp/hard/crtbegin.o
LOAD D:/stm32ide/STM32CubeIDE_1.17.0/STM32CubeIDE/plugins/com.st.stm32cube.ide.mcu.externaltools.gnu-tools-for-stm32.12.3.rel1.win32_1.1.0.202410251130/tools/bin/../lib/gcc/arm-none-eabi/12.3.1/../../../../arm-none-eabi/lib/thumb/v7e-m+fp/hard/crt0.o
LOAD ./Core/Src/MY_LIS3DSH.o
LOAD ./Core/Src/main.o
LOAD ./Core/Src/stm32f4xx_hal_msp.o
LOAD ./Core/Src/stm32f4xx_it.o
LOAD ./Core/Src/syscalls.o
LOAD ./Core/Src/sysmem.o
LOAD ./Core/Src/system_stm32f4xx.o
LOAD ./Core/Startup/startup_stm32f407vgtx.o
LOAD ./Drivers/STM32F4xx_HAL_Driver/Src/stm32f4xx_hal.o
LOAD ./Drivers/STM32F4xx_HAL_Driver/Src/stm32f4xx_hal_cortex.o
LOAD ./Drivers/STM32F4xx_HAL_Driver/Src/stm32f4xx_hal_dma.o
LOAD ./Drivers/STM32F4xx_HAL_Driver/Src/stm32f4xx_hal_dma_ex.o
LOAD ./Drivers/STM32F4xx_HAL_Driver/Src/stm32f4xx_hal_exti.o
LOAD ./Drivers/STM32F4xx_HAL_Driver/Src/stm32f4xx_hal_flash.o
LOAD ./Drivers/STM32F4xx_HAL_Driver/Src/stm32f4xx_hal_flash_ex.o
LOAD ./Drivers/STM32F4xx_HAL_Driver/Src/stm32f4xx_hal_flash_ramfunc.o
LOAD ./Drivers/STM32F4xx_HAL_Driver/Src/stm32f4xx_hal_gpio.o
LOAD ./Drivers/STM32F4xx_HAL_Driver/Src/stm32f4xx_hal_pcd.o
LOAD ./Drivers/STM32F4xx_HAL_Driver/Src/stm32f4xx_hal_pcd_ex.o
LOAD ./Drivers/STM32F4xx_HAL_Driver/Src/stm32f4xx_hal_pwr.o
LOAD ./Drivers/STM32F4xx_HAL_Driver/Src/stm32f4xx_hal_pwr_ex.o
LOAD ./Drivers/STM32F4xx_HAL_Driver/Src/stm32f4xx_hal_rcc.o
LOAD ./Drivers/STM32F4xx_HAL_Driver/Src/stm32f4xx_hal_rcc_ex.o
LOAD ./Drivers/STM32F4xx_HAL_Driver/Src/stm32f4xx_hal_spi.o
LOAD ./Drivers/STM32F4xx_HAL_Driver/Src/stm32f4xx_ll_usb.o
LOAD ./Middlewares/ST/STM32_USB_Device_Library/Class/HID/Src/usbd_hid.o
LOAD ./Middlewares/ST/STM32_USB_Device_Library/Core/Src/usbd_core.o
LOAD ./Middlewares/ST/STM32_USB_Device_Library/Core/Src/usbd_ctlreq.o
LOAD ./Middlewares/ST/STM32_USB_Device_Library/Core/Src/usbd_ioreq.o
LOAD ./USB_DEVICE/App/usb_device.o
LOAD ./USB_DEVICE/App/usbd_desc.o
LOAD ./USB_DEVICE/Target/usbd_conf.o
START GROUP
LOAD D:/stm32ide/STM32CubeIDE_1.17.0/STM32CubeIDE/plugins/com.st.stm32cube.ide.mcu.externaltools.gnu-tools-for-stm32.12.3.rel1.win32_1.1.0.202410251130/tools/bin/../lib/gcc/arm-none-eabi/12.3.1/../../../../arm-none-eabi/lib/thumb/v7e-m+fp/hard\libc_nano.a
LOAD D:/stm32ide/STM32CubeIDE_1.17.0/STM32CubeIDE/plugins/com.st.stm32cube.ide.mcu.externaltools.gnu-tools-for-stm32.12.3.rel1.win32_1.1.0.202410251130/tools/bin/../lib/gcc/arm-none-eabi/12.3.1/../../../../arm-none-eabi/lib/thumb/v7e-m+fp/hard\libm.a
END GROUP
START GROUP
LOAD D:/stm32ide/STM32CubeIDE_1.17.0/STM32CubeIDE/plugins/com.st.stm32cube.ide.mcu.externaltools.gnu-tools-for-stm32.12.3.rel1.win32_1.1.0.202410251130/tools/bin/../lib/gcc/arm-none-eabi/12.3.1/thumb/v7e-m+fp/hard\libgcc.a
LOAD D:/stm32ide/STM32CubeIDE_1.17.0/STM32CubeIDE/plugins/com.st.stm32cube.ide.mcu.externaltools.gnu-tools-for-stm32.12.3.rel1.win32_1.1.0.202410251130/tools/bin/../lib/gcc/arm-none-eabi/12.3.1/../../../../arm-none-eabi/lib/thumb/v7e-m+fp/hard\libc_nano.a
END GROUP
START GROUP
LOAD D:/stm32ide/STM32CubeIDE_1.17.0/STM32CubeIDE/plugins/com.st.stm32cube.ide.mcu.externaltools.gnu-tools-for-stm32.12.3.rel1.win32_1.1.0.202410251130/tools/bin/../lib/gcc/arm-none-eabi/12.3.1/thumb/v7e-m+fp/hard\libgcc.a
LOAD D:/stm32ide/STM32CubeIDE_1.17.0/STM32CubeIDE/plugins/com.st.stm32cube.ide.mcu.externaltools.gnu-tools-for-stm32.12.3.rel1.win32_1.1.0.202410251130/tools/bin/../lib/gcc/arm-none-eabi/12.3.1/../../../../arm-none-eabi/lib/thumb/v7e-m+fp/hard\libc_nano.a
LOAD D:/stm32ide/STM32CubeIDE_1.17.0/STM32CubeIDE/plugins/com.st.stm32cube.ide.mcu.externaltools.gnu-tools-for-stm32.12.3.rel1.win32_1.1.0.202410251130/tools/bin/../lib/gcc/arm-none-eabi/12.3.1/../../../../arm-none-eabi/lib/thumb/v7e-m+fp/hard\libnosys.a
END GROUP
START GROUP
LOAD D:/stm32ide/STM32CubeIDE_1.17.0/STM32CubeIDE/plugins/com.st.stm32cube.ide.mcu.externaltools.gnu-tools-for-stm32.12.3.rel1.win32_1.1.0.202410251130/tools/bin/../lib/gcc/arm-none-eabi/12.3.1/thumb/v7e-m+fp/hard\libgcc.a
LOAD D:/stm32ide/STM32CubeIDE_1.17.0/STM32CubeIDE/plugins/com.st.stm32cube.ide.mcu.externaltools.gnu-tools-for-stm32.12.3.rel1.win32_1.1.0.202410251130/tools/bin/../lib/gcc/arm-none-eabi/12.3.1/../../../../arm-none-eabi/lib/thumb/v7e-m+fp/hard\libc_nano.a
LOAD D:/stm32ide/STM32CubeIDE_1.17.0/STM32CubeIDE/plugins/com.st.stm32cube.ide.mcu.externaltools.gnu-tools-for-stm32.12.3.rel1.win32_1.1.0.202410251130/tools/bin/../lib/gcc/arm-none-eabi/12.3.1/../../../../arm-none-eabi/lib/thumb/v7e-m+fp/hard\libnosys.a
END GROUP
LOAD D:/stm32ide/STM32CubeIDE_1.17.0/STM32CubeIDE/plugins/com.st.stm32cube.ide.mcu.externaltools.gnu-tools-for-stm32.12.3.rel1.win32_1.1.0.202410251130/tools/bin/../lib/gcc/arm-none-eabi/12.3.1/thumb/v7e-m+fp/hard/crtend.o
LOAD D:/stm32ide/STM32CubeIDE_1.17.0/STM32CubeIDE/plugins/com.st.stm32cube.ide.mcu.externaltools.gnu-tools-for-stm32.12.3.rel1.win32_1.1.0.202410251130/tools/bin/../lib/gcc/arm-none-eabi/12.3.1/thumb/v7e-m+fp/hard/crtn.o
                0x20020000                        _estack = (ORIGIN (RAM) + LENGTH (RAM))
                0x00000200                        _Min_Heap_Size = 0x200
                0x00000400                        _Min_Stack_Size = 0x400

.isr_vector     0x08000000      0x188
                0x08000000                        . = ALIGN (0x4)
 *(.isr_vector)
 .isr_vector    0x08000000      0x188 ./Core/Startup/startup_stm32f407vgtx.o
                0x08000000                g_pfnVectors
                0x08000188                        . = ALIGN (0x4)

.text           0x08000188     0x78d0
                0x08000188                        . = ALIGN (0x4)
 *(.text)
 .text          0x08000188       0x40 D:/stm32ide/STM32CubeIDE_1.17.0/STM32CubeIDE/plugins/com.st.stm32cube.ide.mcu.externaltools.gnu-tools-for-stm32.12.3.rel1.win32_1.1.0.202410251130/tools/bin/../lib/gcc/arm-none-eabi/12.3.1/thumb/v7e-m+fp/hard/crtbegin.o
 .text          0x080001c8       0x30 D:/stm32ide/STM32CubeIDE_1.17.0/STM32CubeIDE/plugins/com.st.stm32cube.ide.mcu.externaltools.gnu-tools-for-stm32.12.3.rel1.win32_1.1.0.202410251130/tools/bin/../lib/gcc/arm-none-eabi/12.3.1/thumb/v7e-m+fp/hard\libgcc.a(_aeabi_uldivmod.o)
                0x080001c8                __aeabi_uldivmod
 .text          0x080001f8      0x2bc D:/stm32ide/STM32CubeIDE_1.17.0/STM32CubeIDE/plugins/com.st.stm32cube.ide.mcu.externaltools.gnu-tools-for-stm32.12.3.rel1.win32_1.1.0.202410251130/tools/bin/../lib/gcc/arm-none-eabi/12.3.1/thumb/v7e-m+fp/hard\libgcc.a(_udivmoddi4.o)
                0x080001f8                __udivmoddi4
 .text          0x080004b4        0x4 D:/stm32ide/STM32CubeIDE_1.17.0/STM32CubeIDE/plugins/com.st.stm32cube.ide.mcu.externaltools.gnu-tools-for-stm32.12.3.rel1.win32_1.1.0.202410251130/tools/bin/../lib/gcc/arm-none-eabi/12.3.1/thumb/v7e-m+fp/hard\libgcc.a(_dvmd_tls.o)
                0x080004b4                __aeabi_idiv0
                0x080004b4                __aeabi_ldiv0
 *(.text*)
 .text.LIS3DSH_WriteIO
                0x080004b8       0x54 ./Core/Src/MY_LIS3DSH.o
                0x080004b8                LIS3DSH_WriteIO
 .text.LIS3DSH_ReadIO
                0x0800050c       0x88 ./Core/Src/MY_LIS3DSH.o
                0x0800050c                LIS3DSH_ReadIO
 .text.LIS3DSH_Init
                0x08000594      0x1a0 ./Core/Src/MY_LIS3DSH.o
                0x08000594                LIS3DSH_Init
 .text.LIS3DSH_GetDataRaw
                0x08000734       0x7a ./Core/Src/MY_LIS3DSH.o
                0x08000734                LIS3DSH_GetDataRaw
 .text.LIS3DSH_PollDRDY
                0x080007ae       0x5c ./Core/Src/MY_LIS3DSH.o
                0x080007ae                LIS3DSH_PollDRDY
 *fill*         0x0800080a        0x2 
 .text.IMU_Calibrate
                0x0800080c       0xf4 ./Core/Src/main.o
                0x0800080c                IMU_Calibrate
 .text.main     0x08000900      0x2e8 ./Core/Src/main.o
                0x08000900                main
 .text.SystemClock_Config
                0x08000be8       0xd4 ./Core/Src/main.o
                0x08000be8                SystemClock_Config
 .text.MX_SPI1_Init
                0x08000cbc       0x6c ./Core/Src/main.o
 .text.MX_GPIO_Init
                0x08000d28      0x134 ./Core/Src/main.o
 .text.HAL_GPIO_EXTI_Callback
                0x08000e5c       0x28 ./Core/Src/main.o
                0x08000e5c                HAL_GPIO_EXTI_Callback
 .text.Error_Handler
                0x08000e84        0xc ./Core/Src/main.o
                0x08000e84                Error_Handler
 .text.HAL_MspInit
                0x08000e90       0x50 ./Core/Src/stm32f4xx_hal_msp.o
                0x08000e90                HAL_MspInit
 .text.HAL_SPI_MspInit
                0x08000ee0       0x90 ./Core/Src/stm32f4xx_hal_msp.o
                0x08000ee0                HAL_SPI_MspInit
 .text.NMI_Handler
                0x08000f70        0x8 ./Core/Src/stm32f4xx_it.o
                0x08000f70                NMI_Handler
 .text.HardFault_Handler
                0x08000f78        0x8 ./Core/Src/stm32f4xx_it.o
                0x08000f78                HardFault_Handler
 .text.MemManage_Handler
                0x08000f80        0x8 ./Core/Src/stm32f4xx_it.o
                0x08000f80                MemManage_Handler
 .text.BusFault_Handler
                0x08000f88        0x8 ./Core/Src/stm32f4xx_it.o
                0x08000f88                BusFault_Handler
 .text.UsageFault_Handler
                0x08000f90        0x8 ./Core/Src/stm32f4xx_it.o
                0x08000f90                UsageFault_Handler
 .text.SVC_Handler
                0x08000f98        0xe ./Core/Src/stm32f4xx_it.o
                0x08000f98                SVC_Handler
 .text.DebugMon_Handler
                0x08000fa6        0xe ./Core/Src/stm32f4xx_it.o
                0x08000fa6                DebugMon_Handler
 .text.PendSV_Handler
                0x08000fb4        0xe ./Core/Src/stm32f4xx_it.o
                0x08000fb4                PendSV_Handler
 .text.SysTick_Handler
                0x08000fc2        0xc ./Core/Src/stm32f4xx_it.o
                0x08000fc2                SysTick_Handler
 .text.EXTI0_IRQHandler
                0x08000fce        0xe ./Core/Src/stm32f4xx_it.o
                0x08000fce                EXTI0_IRQHandler
 .text.OTG_FS_IRQHandler
                0x08000fdc       0x14 ./Core/Src/stm32f4xx_it.o
                0x08000fdc                OTG_FS_IRQHandler
 .text.SystemInit
                0x08000ff0       0x24 ./Core/Src/system_stm32f4xx.o
                0x08000ff0                SystemInit
 .text.Reset_Handler
                0x08001014       0x50 ./Core/Startup/startup_stm32f407vgtx.o
                0x08001014                Reset_Handler
 .text.Default_Handler
                0x08001064        0x2 ./Core/Startup/startup_stm32f407vgtx.o
                0x08001064                RTC_Alarm_IRQHandler
                0x08001064                HASH_RNG_IRQHandler
                0x08001064                EXTI2_IRQHandler
                0x08001064                TIM8_CC_IRQHandler
                0x08001064                TIM1_CC_IRQHandler
                0x08001064                DMA2_Stream5_IRQHandler
                0x08001064                DMA1_Stream5_IRQHandler
                0x08001064                PVD_IRQHandler
                0x08001064                SDIO_IRQHandler
                0x08001064                TAMP_STAMP_IRQHandler
                0x08001064                CAN2_RX1_IRQHandler
                0x08001064                EXTI3_IRQHandler
                0x08001064                TIM8_TRG_COM_TIM14_IRQHandler
                0x08001064                TIM1_UP_TIM10_IRQHandler
                0x08001064                TIM8_UP_TIM13_IRQHandler
                0x08001064                I2C3_ER_IRQHandler
                0x08001064                I2C2_EV_IRQHandler
                0x08001064                DMA1_Stream2_IRQHandler
                0x08001064                CAN1_RX0_IRQHandler
                0x08001064                FPU_IRQHandler
                0x08001064                OTG_HS_WKUP_IRQHandler
                0x08001064                CAN2_SCE_IRQHandler
                0x08001064                DMA2_Stream2_IRQHandler
                0x08001064                SPI1_IRQHandler
                0x08001064                TIM6_DAC_IRQHandler
                0x08001064                TIM1_BRK_TIM9_IRQHandler
                0x08001064                DCMI_IRQHandler
                0x08001064                CAN2_RX0_IRQHandler
                0x08001064                DMA2_Stream3_IRQHandler
                0x08001064                USART6_IRQHandler
                0x08001064                USART3_IRQHandler
                0x08001064                CAN1_RX1_IRQHandler
                0x08001064                UART5_IRQHandler
                0x08001064                DMA2_Stream0_IRQHandler
                0x08001064                TIM4_IRQHandler
                0x08001064                I2C1_EV_IRQHandler
                0x08001064                DMA1_Stream6_IRQHandler
                0x08001064                DMA1_Stream1_IRQHandler
                0x08001064                UART4_IRQHandler
                0x08001064                TIM3_IRQHandler
                0x08001064                RCC_IRQHandler
                0x08001064                TIM8_BRK_TIM12_IRQHandler
                0x08001064                Default_Handler
                0x08001064                EXTI15_10_IRQHandler
                0x08001064                ADC_IRQHandler
                0x08001064                DMA1_Stream7_IRQHandler
                0x08001064                TIM7_IRQHandler
                0x08001064                CAN2_TX_IRQHandler
                0x08001064                TIM5_IRQHandler
                0x08001064                DMA2_Stream7_IRQHandler
                0x08001064                I2C3_EV_IRQHandler
                0x08001064                EXTI9_5_IRQHandler
                0x08001064                RTC_WKUP_IRQHandler
                0x08001064                ETH_WKUP_IRQHandler
                0x08001064                SPI2_IRQHandler
                0x08001064                OTG_HS_EP1_IN_IRQHandler
                0x08001064                DMA1_Stream0_IRQHandler
                0x08001064                CAN1_TX_IRQHandler
                0x08001064                EXTI4_IRQHandler
                0x08001064                FSMC_IRQHandler
                0x08001064                ETH_IRQHandler
                0x08001064                OTG_HS_EP1_OUT_IRQHandler
                0x08001064                WWDG_IRQHandler
                0x08001064                TIM2_IRQHandler
                0x08001064                OTG_FS_WKUP_IRQHandler
                0x08001064                TIM1_TRG_COM_TIM11_IRQHandler
                0x08001064                OTG_HS_IRQHandler
                0x08001064                EXTI1_IRQHandler
                0x08001064                USART2_IRQHandler
                0x08001064                I2C2_ER_IRQHandler
                0x08001064                DMA2_Stream1_IRQHandler
                0x08001064                CAN1_SCE_IRQHandler
                0x08001064                FLASH_IRQHandler
                0x08001064                DMA2_Stream4_IRQHandler
                0x08001064                USART1_IRQHandler
                0x08001064                SPI3_IRQHandler
                0x08001064                DMA1_Stream4_IRQHandler
                0x08001064                I2C1_ER_IRQHandler
                0x08001064                DMA2_Stream6_IRQHandler
                0x08001064                DMA1_Stream3_IRQHandler
 *fill*         0x08001066        0x2 
 .text.HAL_Init
                0x08001068       0x44 ./Drivers/STM32F4xx_HAL_Driver/Src/stm32f4xx_hal.o
                0x08001068                HAL_Init
 .text.HAL_InitTick
                0x080010ac       0x60 ./Drivers/STM32F4xx_HAL_Driver/Src/stm32f4xx_hal.o
                0x080010ac                HAL_InitTick
 .text.HAL_IncTick
                0x0800110c       0x28 ./Drivers/STM32F4xx_HAL_Driver/Src/stm32f4xx_hal.o
                0x0800110c                HAL_IncTick
 .text.HAL_GetTick
                0x08001134       0x18 ./Drivers/STM32F4xx_HAL_Driver/Src/stm32f4xx_hal.o
                0x08001134                HAL_GetTick
 .text.HAL_Delay
                0x0800114c       0x48 ./Drivers/STM32F4xx_HAL_Driver/Src/stm32f4xx_hal.o
                0x0800114c                HAL_Delay
 .text.__NVIC_SetPriorityGrouping
                0x08001194       0x48 ./Drivers/STM32F4xx_HAL_Driver/Src/stm32f4xx_hal_cortex.o
 .text.__NVIC_GetPriorityGrouping
                0x080011dc       0x1c ./Drivers/STM32F4xx_HAL_Driver/Src/stm32f4xx_hal_cortex.o
 .text.__NVIC_EnableIRQ
                0x080011f8       0x3c ./Drivers/STM32F4xx_HAL_Driver/Src/stm32f4xx_hal_cortex.o
 .text.__NVIC_SetPriority
                0x08001234       0x54 ./Drivers/STM32F4xx_HAL_Driver/Src/stm32f4xx_hal_cortex.o
 .text.NVIC_EncodePriority
                0x08001288       0x66 ./Drivers/STM32F4xx_HAL_Driver/Src/stm32f4xx_hal_cortex.o
 *fill*         0x080012ee        0x2 
 .text.SysTick_Config
                0x080012f0       0x44 ./Drivers/STM32F4xx_HAL_Driver/Src/stm32f4xx_hal_cortex.o
 .text.HAL_NVIC_SetPriorityGrouping
                0x08001334       0x16 ./Drivers/STM32F4xx_HAL_Driver/Src/stm32f4xx_hal_cortex.o
                0x08001334                HAL_NVIC_SetPriorityGrouping
 .text.HAL_NVIC_SetPriority
                0x0800134a       0x38 ./Drivers/STM32F4xx_HAL_Driver/Src/stm32f4xx_hal_cortex.o
                0x0800134a                HAL_NVIC_SetPriority
 .text.HAL_NVIC_EnableIRQ
                0x08001382       0x1c ./Drivers/STM32F4xx_HAL_Driver/Src/stm32f4xx_hal_cortex.o
                0x08001382                HAL_NVIC_EnableIRQ
 .text.HAL_SYSTICK_Config
                0x0800139e       0x18 ./Drivers/STM32F4xx_HAL_Driver/Src/stm32f4xx_hal_cortex.o
                0x0800139e                HAL_SYSTICK_Config
 *fill*         0x080013b6        0x2 
 .text.HAL_GPIO_Init
                0x080013b8      0x338 ./Drivers/STM32F4xx_HAL_Driver/Src/stm32f4xx_hal_gpio.o
                0x080013b8                HAL_GPIO_Init
 .text.HAL_GPIO_WritePin
                0x080016f0       0x32 ./Drivers/STM32F4xx_HAL_Driver/Src/stm32f4xx_hal_gpio.o
                0x080016f0                HAL_GPIO_WritePin
 *fill*         0x08001722        0x2 
 .text.HAL_GPIO_EXTI_IRQHandler
                0x08001724       0x30 ./Drivers/STM32F4xx_HAL_Driver/Src/stm32f4xx_hal_gpio.o
                0x08001724                HAL_GPIO_EXTI_IRQHandler
 .text.HAL_PCD_Init
                0x08001754      0x21e ./Drivers/STM32F4xx_HAL_Driver/Src/stm32f4xx_hal_pcd.o
                0x08001754                HAL_PCD_Init
 .text.HAL_PCD_Start
                0x08001972       0x6a ./Drivers/STM32F4xx_HAL_Driver/Src/stm32f4xx_hal_pcd.o
                0x08001972                HAL_PCD_Start
 .text.HAL_PCD_IRQHandler
                0x080019dc      0x942 ./Drivers/STM32F4xx_HAL_Driver/Src/stm32f4xx_hal_pcd.o
                0x080019dc                HAL_PCD_IRQHandler
 .text.HAL_PCD_SetAddress
                0x0800231e       0x48 ./Drivers/STM32F4xx_HAL_Driver/Src/stm32f4xx_hal_pcd.o
                0x0800231e                HAL_PCD_SetAddress
 .text.HAL_PCD_EP_Open
                0x08002366       0xd4 ./Drivers/STM32F4xx_HAL_Driver/Src/stm32f4xx_hal_pcd.o
                0x08002366                HAL_PCD_EP_Open
 .text.HAL_PCD_EP_Close
                0x0800243a       0x94 ./Drivers/STM32F4xx_HAL_Driver/Src/stm32f4xx_hal_pcd.o
                0x0800243a                HAL_PCD_EP_Close
 .text.HAL_PCD_EP_Receive
                0x080024ce       0x76 ./Drivers/STM32F4xx_HAL_Driver/Src/stm32f4xx_hal_pcd.o
                0x080024ce                HAL_PCD_EP_Receive
 .text.HAL_PCD_EP_Transmit
                0x08002544       0x74 ./Drivers/STM32F4xx_HAL_Driver/Src/stm32f4xx_hal_pcd.o
                0x08002544                HAL_PCD_EP_Transmit
 .text.HAL_PCD_EP_SetStall
                0x080025b8       0xc6 ./Drivers/STM32F4xx_HAL_Driver/Src/stm32f4xx_hal_pcd.o
                0x080025b8                HAL_PCD_EP_SetStall
 .text.HAL_PCD_EP_ClrStall
                0x0800267e       0xac ./Drivers/STM32F4xx_HAL_Driver/Src/stm32f4xx_hal_pcd.o
                0x0800267e                HAL_PCD_EP_ClrStall
 .text.HAL_PCD_EP_Abort
                0x0800272a       0x62 ./Drivers/STM32F4xx_HAL_Driver/Src/stm32f4xx_hal_pcd.o
                0x0800272a                HAL_PCD_EP_Abort
 .text.PCD_WriteEmptyTxFifo
                0x0800278c      0x118 ./Drivers/STM32F4xx_HAL_Driver/Src/stm32f4xx_hal_pcd.o
 .text.PCD_EP_OutXfrComplete_int
                0x080028a4      0x1d0 ./Drivers/STM32F4xx_HAL_Driver/Src/stm32f4xx_hal_pcd.o
 .text.PCD_EP_OutSetupPacket_int
                0x08002a74       0x8c ./Drivers/STM32F4xx_HAL_Driver/Src/stm32f4xx_hal_pcd.o
 .text.HAL_PCDEx_SetTxFiFo
                0x08002b00       0x8e ./Drivers/STM32F4xx_HAL_Driver/Src/stm32f4xx_hal_pcd_ex.o
                0x08002b00                HAL_PCDEx_SetTxFiFo
 .text.HAL_PCDEx_SetRxFiFo
                0x08002b8e       0x22 ./Drivers/STM32F4xx_HAL_Driver/Src/stm32f4xx_hal_pcd_ex.o
                0x08002b8e                HAL_PCDEx_SetRxFiFo
 .text.HAL_PCDEx_LPM_Callback
                0x08002bb0       0x18 ./Drivers/STM32F4xx_HAL_Driver/Src/stm32f4xx_hal_pcd_ex.o
                0x08002bb0                HAL_PCDEx_LPM_Callback
 .text.HAL_RCC_OscConfig
                0x08002bc8      0x4f0 ./Drivers/STM32F4xx_HAL_Driver/Src/stm32f4xx_hal_rcc.o
                0x08002bc8                HAL_RCC_OscConfig
 .text.HAL_RCC_ClockConfig
                0x080030b8      0x1cc ./Drivers/STM32F4xx_HAL_Driver/Src/stm32f4xx_hal_rcc.o
                0x080030b8                HAL_RCC_ClockConfig
 .text.HAL_RCC_GetSysClockFreq
                0x08003284      0x20c ./Drivers/STM32F4xx_HAL_Driver/Src/stm32f4xx_hal_rcc.o
                0x08003284                HAL_RCC_GetSysClockFreq
 .text.HAL_RCC_GetHCLKFreq
                0x08003490       0x18 ./Drivers/STM32F4xx_HAL_Driver/Src/stm32f4xx_hal_rcc.o
                0x08003490                HAL_RCC_GetHCLKFreq
 .text.HAL_SPI_Init
                0x080034a8      0x112 ./Drivers/STM32F4xx_HAL_Driver/Src/stm32f4xx_hal_spi.o
                0x080034a8                HAL_SPI_Init
 .text.HAL_SPI_Transmit
                0x080035ba      0x288 ./Drivers/STM32F4xx_HAL_Driver/Src/stm32f4xx_hal_spi.o
                0x080035ba                HAL_SPI_Transmit
 .text.HAL_SPI_Receive
                0x08003842      0x232 ./Drivers/STM32F4xx_HAL_Driver/Src/stm32f4xx_hal_spi.o
                0x08003842                HAL_SPI_Receive
 .text.HAL_SPI_TransmitReceive
                0x08003a74      0x352 ./Drivers/STM32F4xx_HAL_Driver/Src/stm32f4xx_hal_spi.o
                0x08003a74                HAL_SPI_TransmitReceive
 *fill*         0x08003dc6        0x2 
 .text.SPI_WaitFlagStateUntilTimeout
                0x08003dc8      0x110 ./Drivers/STM32F4xx_HAL_Driver/Src/stm32f4xx_hal_spi.o
 .text.SPI_EndRxTransaction
                0x08003ed8       0xca ./Drivers/STM32F4xx_HAL_Driver/Src/stm32f4xx_hal_spi.o
 *fill*         0x08003fa2        0x2 
 .text.SPI_EndRxTxTransaction
                0x08003fa4       0xa8 ./Drivers/STM32F4xx_HAL_Driver/Src/stm32f4xx_hal_spi.o
 .text.USB_CoreInit
                0x0800404c       0xc8 ./Drivers/STM32F4xx_HAL_Driver/Src/stm32f4xx_ll_usb.o
                0x0800404c                USB_CoreInit
 .text.USB_SetTurnaroundTime
                0x08004114      0x144 ./Drivers/STM32F4xx_HAL_Driver/Src/stm32f4xx_ll_usb.o
                0x08004114                USB_SetTurnaroundTime
 .text.USB_EnableGlobalInt
                0x08004258       0x22 ./Drivers/STM32F4xx_HAL_Driver/Src/stm32f4xx_ll_usb.o
                0x08004258                USB_EnableGlobalInt
 .text.USB_DisableGlobalInt
                0x0800427a       0x22 ./Drivers/STM32F4xx_HAL_Driver/Src/stm32f4xx_ll_usb.o
                0x0800427a                USB_DisableGlobalInt
 .text.USB_SetCurrentMode
                0x0800429c       0x98 ./Drivers/STM32F4xx_HAL_Driver/Src/stm32f4xx_ll_usb.o
                0x0800429c                USB_SetCurrentMode
 .text.USB_DevInit
                0x08004334      0x2c8 ./Drivers/STM32F4xx_HAL_Driver/Src/stm32f4xx_ll_usb.o
                0x08004334                USB_DevInit
 .text.USB_FlushTxFifo
                0x080045fc       0x64 ./Drivers/STM32F4xx_HAL_Driver/Src/stm32f4xx_ll_usb.o
                0x080045fc                USB_FlushTxFifo
 .text.USB_FlushRxFifo
                0x08004660       0x5c ./Drivers/STM32F4xx_HAL_Driver/Src/stm32f4xx_ll_usb.o
                0x08004660                USB_FlushRxFifo
 .text.USB_SetDevSpeed
                0x080046bc       0x32 ./Drivers/STM32F4xx_HAL_Driver/Src/stm32f4xx_ll_usb.o
                0x080046bc                USB_SetDevSpeed
 .text.USB_GetDevSpeed
                0x080046ee       0x4a ./Drivers/STM32F4xx_HAL_Driver/Src/stm32f4xx_ll_usb.o
                0x080046ee                USB_GetDevSpeed
 .text.USB_ActivateEndpoint
                0x08004738      0x10e ./Drivers/STM32F4xx_HAL_Driver/Src/stm32f4xx_ll_usb.o
                0x08004738                USB_ActivateEndpoint
 *fill*         0x08004846        0x2 
 .text.USB_DeactivateEndpoint
                0x08004848      0x1b8 ./Drivers/STM32F4xx_HAL_Driver/Src/stm32f4xx_ll_usb.o
                0x08004848                USB_DeactivateEndpoint
 .text.USB_EPStartXfer
                0x08004a00      0x53c ./Drivers/STM32F4xx_HAL_Driver/Src/stm32f4xx_ll_usb.o
                0x08004a00                USB_EPStartXfer
 .text.USB_EPStopXfer
                0x08004f3c      0x154 ./Drivers/STM32F4xx_HAL_Driver/Src/stm32f4xx_ll_usb.o
                0x08004f3c                USB_EPStopXfer
 .text.USB_WritePacket
                0x08005090       0x7c ./Drivers/STM32F4xx_HAL_Driver/Src/stm32f4xx_ll_usb.o
                0x08005090                USB_WritePacket
 .text.USB_ReadPacket
                0x0800510c       0xb0 ./Drivers/STM32F4xx_HAL_Driver/Src/stm32f4xx_ll_usb.o
                0x0800510c                USB_ReadPacket
 .text.USB_EPSetStall
                0x080051bc       0xdc ./Drivers/STM32F4xx_HAL_Driver/Src/stm32f4xx_ll_usb.o
                0x080051bc                USB_EPSetStall
 .text.USB_EPClearStall
                0x08005298       0xcc ./Drivers/STM32F4xx_HAL_Driver/Src/stm32f4xx_ll_usb.o
                0x08005298                USB_EPClearStall
 .text.USB_SetDevAddress
                0x08005364       0x4c ./Drivers/STM32F4xx_HAL_Driver/Src/stm32f4xx_ll_usb.o
                0x08005364                USB_SetDevAddress
 .text.USB_DevConnect
                0x080053b0       0x42 ./Drivers/STM32F4xx_HAL_Driver/Src/stm32f4xx_ll_usb.o
                0x080053b0                USB_DevConnect
 .text.USB_DevDisconnect
                0x080053f2       0x42 ./Drivers/STM32F4xx_HAL_Driver/Src/stm32f4xx_ll_usb.o
                0x080053f2                USB_DevDisconnect
 .text.USB_ReadInterrupts
                0x08005434       0x26 ./Drivers/STM32F4xx_HAL_Driver/Src/stm32f4xx_ll_usb.o
                0x08005434                USB_ReadInterrupts
 .text.USB_ReadDevAllOutEpInterrupt
                0x0800545a       0x34 ./Drivers/STM32F4xx_HAL_Driver/Src/stm32f4xx_ll_usb.o
                0x0800545a                USB_ReadDevAllOutEpInterrupt
 .text.USB_ReadDevAllInEpInterrupt
                0x0800548e       0x34 ./Drivers/STM32F4xx_HAL_Driver/Src/stm32f4xx_ll_usb.o
                0x0800548e                USB_ReadDevAllInEpInterrupt
 .text.USB_ReadDevOutEPInterrupt
                0x080054c2       0x3c ./Drivers/STM32F4xx_HAL_Driver/Src/stm32f4xx_ll_usb.o
                0x080054c2                USB_ReadDevOutEPInterrupt
 .text.USB_ReadDevInEPInterrupt
                0x080054fe       0x5c ./Drivers/STM32F4xx_HAL_Driver/Src/stm32f4xx_ll_usb.o
                0x080054fe                USB_ReadDevInEPInterrupt
 .text.USB_GetMode
                0x0800555a       0x1c ./Drivers/STM32F4xx_HAL_Driver/Src/stm32f4xx_ll_usb.o
                0x0800555a                USB_GetMode
 .text.USB_ActivateSetup
                0x08005576       0x46 ./Drivers/STM32F4xx_HAL_Driver/Src/stm32f4xx_ll_usb.o
                0x08005576                USB_ActivateSetup
 .text.USB_EP0_OutStart
                0x080055bc       0xbc ./Drivers/STM32F4xx_HAL_Driver/Src/stm32f4xx_ll_usb.o
                0x080055bc                USB_EP0_OutStart
 .text.USB_CoreReset
                0x08005678       0x62 ./Drivers/STM32F4xx_HAL_Driver/Src/stm32f4xx_ll_usb.o
 *fill*         0x080056da        0x2 
 .text.USBD_HID_Init
                0x080056dc       0xcc ./Middlewares/ST/STM32_USB_Device_Library/Class/HID/Src/usbd_hid.o
 .text.USBD_HID_DeInit
                0x080057a8       0x90 ./Middlewares/ST/STM32_USB_Device_Library/Class/HID/Src/usbd_hid.o
 .text.USBD_HID_Setup
                0x08005838      0x210 ./Middlewares/ST/STM32_USB_Device_Library/Class/HID/Src/usbd_hid.o
 .text.USBD_HID_SendReport
                0x08005a48       0x60 ./Middlewares/ST/STM32_USB_Device_Library/Class/HID/Src/usbd_hid.o
                0x08005a48                USBD_HID_SendReport
 .text.USBD_HID_GetFSCfgDesc
                0x08005aa8       0x34 ./Middlewares/ST/STM32_USB_Device_Library/Class/HID/Src/usbd_hid.o
 .text.USBD_HID_GetHSCfgDesc
                0x08005adc       0x34 ./Middlewares/ST/STM32_USB_Device_Library/Class/HID/Src/usbd_hid.o
 .text.USBD_HID_GetOtherSpeedCfgDesc
                0x08005b10       0x34 ./Middlewares/ST/STM32_USB_Device_Library/Class/HID/Src/usbd_hid.o
 .text.USBD_HID_DataIn
                0x08005b44       0x2c ./Middlewares/ST/STM32_USB_Device_Library/Class/HID/Src/usbd_hid.o
 .text.USBD_HID_GetDeviceQualifierDesc
                0x08005b70       0x20 ./Middlewares/ST/STM32_USB_Device_Library/Class/HID/Src/usbd_hid.o
 .text.USBD_Init
                0x08005b90       0x60 ./Middlewares/ST/STM32_USB_Device_Library/Core/Src/usbd_core.o
                0x08005b90                USBD_Init
 .text.USBD_RegisterClass
                0x08005bf0       0x6c ./Middlewares/ST/STM32_USB_Device_Library/Core/Src/usbd_core.o
                0x08005bf0                USBD_RegisterClass
 .text.USBD_Start
                0x08005c5c       0x18 ./Middlewares/ST/STM32_USB_Device_Library/Core/Src/usbd_core.o
                0x08005c5c                USBD_Start
 .text.USBD_RunTestMode
                0x08005c74       0x16 ./Middlewares/ST/STM32_USB_Device_Library/Core/Src/usbd_core.o
                0x08005c74                USBD_RunTestMode
 .text.USBD_SetClassConfig
                0x08005c8a       0x38 ./Middlewares/ST/STM32_USB_Device_Library/Core/Src/usbd_core.o
                0x08005c8a                USBD_SetClassConfig
 .text.USBD_ClrClassConfig
                0x08005cc2       0x34 ./Middlewares/ST/STM32_USB_Device_Library/Core/Src/usbd_core.o
                0x08005cc2                USBD_ClrClassConfig
 .text.USBD_LL_SetupStage
                0x08005cf6       0xaa ./Middlewares/ST/STM32_USB_Device_Library/Core/Src/usbd_core.o
                0x08005cf6                USBD_LL_SetupStage
 .text.USBD_LL_DataOutStage
                0x08005da0      0x166 ./Middlewares/ST/STM32_USB_Device_Library/Core/Src/usbd_core.o
                0x08005da0                USBD_LL_DataOutStage
 .text.USBD_LL_DataInStage
                0x08005f06      0x164 ./Middlewares/ST/STM32_USB_Device_Library/Core/Src/usbd_core.o
                0x08005f06                USBD_LL_DataInStage
 .text.USBD_LL_Reset
                0x0800606a       0xa4 ./Middlewares/ST/STM32_USB_Device_Library/Core/Src/usbd_core.o
                0x0800606a                USBD_LL_Reset
 .text.USBD_LL_SetSpeed
                0x0800610e       0x20 ./Middlewares/ST/STM32_USB_Device_Library/Core/Src/usbd_core.o
                0x0800610e                USBD_LL_SetSpeed
 .text.USBD_LL_Suspend
                0x0800612e       0x38 ./Middlewares/ST/STM32_USB_Device_Library/Core/Src/usbd_core.o
                0x0800612e                USBD_LL_Suspend
 .text.USBD_LL_Resume
                0x08006166       0x30 ./Middlewares/ST/STM32_USB_Device_Library/Core/Src/usbd_core.o
                0x08006166                USBD_LL_Resume
 .text.USBD_LL_SOF
                0x08006196       0x40 ./Middlewares/ST/STM32_USB_Device_Library/Core/Src/usbd_core.o
                0x08006196                USBD_LL_SOF
 .text.USBD_LL_IsoINIncomplete
                0x080061d6       0x64 ./Middlewares/ST/STM32_USB_Device_Library/Core/Src/usbd_core.o
                0x080061d6                USBD_LL_IsoINIncomplete
 .text.USBD_LL_IsoOUTIncomplete
                0x0800623a       0x64 ./Middlewares/ST/STM32_USB_Device_Library/Core/Src/usbd_core.o
                0x0800623a                USBD_LL_IsoOUTIncomplete
 .text.USBD_LL_DevConnected
                0x0800629e       0x16 ./Middlewares/ST/STM32_USB_Device_Library/Core/Src/usbd_core.o
                0x0800629e                USBD_LL_DevConnected
 .text.USBD_LL_DevDisconnected
                0x080062b4       0x46 ./Middlewares/ST/STM32_USB_Device_Library/Core/Src/usbd_core.o
                0x080062b4                USBD_LL_DevDisconnected
 .text.USBD_CoreFindIF
                0x080062fa       0x1a ./Middlewares/ST/STM32_USB_Device_Library/Core/Src/usbd_core.o
                0x080062fa                USBD_CoreFindIF
 .text.USBD_CoreFindEP
                0x08006314       0x1a ./Middlewares/ST/STM32_USB_Device_Library/Core/Src/usbd_core.o
                0x08006314                USBD_CoreFindEP
 .text.USBD_GetEpDesc
                0x0800632e       0x70 ./Middlewares/ST/STM32_USB_Device_Library/Core/Src/usbd_core.o
                0x0800632e                USBD_GetEpDesc
 .text.USBD_GetNextDesc
                0x0800639e       0x38 ./Middlewares/ST/STM32_USB_Device_Library/Core/Src/usbd_core.o
                0x0800639e                USBD_GetNextDesc
 .text.SWAPBYTE
                0x080063d6       0x3c ./Middlewares/ST/STM32_USB_Device_Library/Core/Src/usbd_ctlreq.o
 *fill*         0x08006412        0x2 
 .text.USBD_StdDevReq
                0x08006414       0xe4 ./Middlewares/ST/STM32_USB_Device_Library/Core/Src/usbd_ctlreq.o
                0x08006414                USBD_StdDevReq
 .text.USBD_StdItfReq
                0x080064f8       0xd8 ./Middlewares/ST/STM32_USB_Device_Library/Core/Src/usbd_ctlreq.o
                0x080064f8                USBD_StdItfReq
 .text.USBD_StdEPReq
                0x080065d0      0x33a ./Middlewares/ST/STM32_USB_Device_Library/Core/Src/usbd_ctlreq.o
                0x080065d0                USBD_StdEPReq
 *fill*         0x0800690a        0x2 
 .text.USBD_GetDescriptor
                0x0800690c      0x2d4 ./Middlewares/ST/STM32_USB_Device_Library/Core/Src/usbd_ctlreq.o
 .text.USBD_SetAddress
                0x08006be0       0x88 ./Middlewares/ST/STM32_USB_Device_Library/Core/Src/usbd_ctlreq.o
 .text.USBD_SetConfig
                0x08006c68      0x154 ./Middlewares/ST/STM32_USB_Device_Library/Core/Src/usbd_ctlreq.o
 .text.USBD_GetConfig
                0x08006dbc       0x6c ./Middlewares/ST/STM32_USB_Device_Library/Core/Src/usbd_ctlreq.o
 .text.USBD_GetStatus
                0x08006e28       0x68 ./Middlewares/ST/STM32_USB_Device_Library/Core/Src/usbd_ctlreq.o
 .text.USBD_SetFeature
                0x08006e90       0x52 ./Middlewares/ST/STM32_USB_Device_Library/Core/Src/usbd_ctlreq.o
 .text.USBD_ClrFeature
                0x08006ee2       0x44 ./Middlewares/ST/STM32_USB_Device_Library/Core/Src/usbd_ctlreq.o
 .text.USBD_ParseSetupRequest
                0x08006f26       0x74 ./Middlewares/ST/STM32_USB_Device_Library/Core/Src/usbd_ctlreq.o
                0x08006f26                USBD_ParseSetupRequest
 .text.USBD_CtlError
                0x08006f9a       0x22 ./Middlewares/ST/STM32_USB_Device_Library/Core/Src/usbd_ctlreq.o
                0x08006f9a                USBD_CtlError
 .text.USBD_GetString
                0x08006fbc       0xa4 ./Middlewares/ST/STM32_USB_Device_Library/Core/Src/usbd_ctlreq.o
                0x08006fbc                USBD_GetString
 .text.USBD_GetLen
                0x08007060       0x34 ./Middlewares/ST/STM32_USB_Device_Library/Core/Src/usbd_ctlreq.o
 .text.USBD_CtlSendData
                0x08007094       0x36 ./Middlewares/ST/STM32_USB_Device_Library/Core/Src/usbd_ioreq.o
                0x08007094                USBD_CtlSendData
 .text.USBD_CtlContinueSendData
                0x080070ca       0x22 ./Middlewares/ST/STM32_USB_Device_Library/Core/Src/usbd_ioreq.o
                0x080070ca                USBD_CtlContinueSendData
 .text.USBD_CtlContinueRx
                0x080070ec       0x22 ./Middlewares/ST/STM32_USB_Device_Library/Core/Src/usbd_ioreq.o
                0x080070ec                USBD_CtlContinueRx
 .text.USBD_CtlSendStatus
                0x0800710e       0x26 ./Middlewares/ST/STM32_USB_Device_Library/Core/Src/usbd_ioreq.o
                0x0800710e                USBD_CtlSendStatus
 .text.USBD_CtlReceiveStatus
                0x08007134       0x26 ./Middlewares/ST/STM32_USB_Device_Library/Core/Src/usbd_ioreq.o
                0x08007134                USBD_CtlReceiveStatus
 *fill*         0x0800715a        0x2 
 .text.MX_USB_DEVICE_Init
                0x0800715c       0x4c ./USB_DEVICE/App/usb_device.o
                0x0800715c                MX_USB_DEVICE_Init
 .text.USBD_FS_DeviceDescriptor
                0x080071a8       0x24 ./USB_DEVICE/App/usbd_desc.o
                0x080071a8                USBD_FS_DeviceDescriptor
 .text.USBD_FS_LangIDStrDescriptor
                0x080071cc       0x24 ./USB_DEVICE/App/usbd_desc.o
                0x080071cc                USBD_FS_LangIDStrDescriptor
 .text.USBD_FS_ProductStrDescriptor
                0x080071f0       0x3c ./USB_DEVICE/App/usbd_desc.o
                0x080071f0                USBD_FS_ProductStrDescriptor
 .text.USBD_FS_ManufacturerStrDescriptor
                0x0800722c       0x28 ./USB_DEVICE/App/usbd_desc.o
                0x0800722c                USBD_FS_ManufacturerStrDescriptor
 .text.USBD_FS_SerialStrDescriptor
                0x08007254       0x24 ./USB_DEVICE/App/usbd_desc.o
                0x08007254                USBD_FS_SerialStrDescriptor
 .text.USBD_FS_ConfigStrDescriptor
                0x08007278       0x3c ./USB_DEVICE/App/usbd_desc.o
                0x08007278                USBD_FS_ConfigStrDescriptor
 .text.USBD_FS_InterfaceStrDescriptor
                0x080072b4       0x3c ./USB_DEVICE/App/usbd_desc.o
                0x080072b4                USBD_FS_InterfaceStrDescriptor
 .text.Get_SerialNum
                0x080072f0       0x58 ./USB_DEVICE/App/usbd_desc.o
 .text.IntToUnicode
                0x08007348       0x7e ./USB_DEVICE/App/usbd_desc.o
 *fill*         0x080073c6        0x2 
 .text.HAL_PCD_MspInit
                0x080073c8       0xa8 ./USB_DEVICE/Target/usbd_conf.o
                0x080073c8                HAL_PCD_MspInit
 .text.HAL_PCD_SetupStageCallback
                0x08007470       0x24 ./USB_DEVICE/Target/usbd_conf.o
                0x08007470                HAL_PCD_SetupStageCallback
 .text.HAL_PCD_DataOutStageCallback
                0x08007494       0x36 ./USB_DEVICE/Target/usbd_conf.o
                0x08007494                HAL_PCD_DataOutStageCallback
 .text.HAL_PCD_DataInStageCallback
                0x080074ca       0x34 ./USB_DEVICE/Target/usbd_conf.o
                0x080074ca                HAL_PCD_DataInStageCallback
 .text.HAL_PCD_SOFCallback
                0x080074fe       0x1c ./USB_DEVICE/Target/usbd_conf.o
                0x080074fe                HAL_PCD_SOFCallback
 .text.HAL_PCD_ResetCallback
                0x0800751a       0x50 ./USB_DEVICE/Target/usbd_conf.o
                0x0800751a                HAL_PCD_ResetCallback
 *fill*         0x0800756a        0x2 
 .text.HAL_PCD_SuspendCallback
                0x0800756c       0x4c ./USB_DEVICE/Target/usbd_conf.o
                0x0800756c                HAL_PCD_SuspendCallback
 .text.HAL_PCD_ResumeCallback
                0x080075b8       0x1c ./USB_DEVICE/Target/usbd_conf.o
                0x080075b8                HAL_PCD_ResumeCallback
 .text.HAL_PCD_ISOOUTIncompleteCallback
                0x080075d4       0x24 ./USB_DEVICE/Target/usbd_conf.o
                0x080075d4                HAL_PCD_ISOOUTIncompleteCallback
 .text.HAL_PCD_ISOINIncompleteCallback
                0x080075f8       0x24 ./USB_DEVICE/Target/usbd_conf.o
                0x080075f8                HAL_PCD_ISOINIncompleteCallback
 .text.HAL_PCD_ConnectCallback
                0x0800761c       0x1c ./USB_DEVICE/Target/usbd_conf.o
                0x0800761c                HAL_PCD_ConnectCallback
 .text.HAL_PCD_DisconnectCallback
                0x08007638       0x1c ./USB_DEVICE/Target/usbd_conf.o
                0x08007638                HAL_PCD_DisconnectCallback
 .text.USBD_LL_Init
                0x08007654       0x98 ./USB_DEVICE/Target/usbd_conf.o
                0x08007654                USBD_LL_Init
 .text.USBD_LL_Start
                0x080076ec       0x36 ./USB_DEVICE/Target/usbd_conf.o
                0x080076ec                USBD_LL_Start
 .text.USBD_LL_OpenEP
                0x08007722       0x4c ./USB_DEVICE/Target/usbd_conf.o
                0x08007722                USBD_LL_OpenEP
 .text.USBD_LL_CloseEP
                0x0800776e       0x3e ./USB_DEVICE/Target/usbd_conf.o
                0x0800776e                USBD_LL_CloseEP
 .text.USBD_LL_StallEP
                0x080077ac       0x3e ./USB_DEVICE/Target/usbd_conf.o
                0x080077ac                USBD_LL_StallEP
 .text.USBD_LL_ClearStallEP
                0x080077ea       0x3e ./USB_DEVICE/Target/usbd_conf.o
                0x080077ea                USBD_LL_ClearStallEP
 .text.USBD_LL_IsStallEP
                0x08007828       0x58 ./USB_DEVICE/Target/usbd_conf.o
                0x08007828                USBD_LL_IsStallEP
 .text.USBD_LL_SetUSBAddress
                0x08007880       0x3e ./USB_DEVICE/Target/usbd_conf.o
                0x08007880                USBD_LL_SetUSBAddress
 .text.USBD_LL_Transmit
                0x080078be       0x42 ./USB_DEVICE/Target/usbd_conf.o
                0x080078be                USBD_LL_Transmit
 .text.USBD_LL_PrepareReceive
                0x08007900       0x42 ./USB_DEVICE/Target/usbd_conf.o
                0x08007900                USBD_LL_PrepareReceive
 *fill*         0x08007942        0x2 
 .text.USBD_static_malloc
                0x08007944       0x1c ./USB_DEVICE/Target/usbd_conf.o
                0x08007944                USBD_static_malloc
 .text.USBD_static_free
                0x08007960       0x14 ./USB_DEVICE/Target/usbd_conf.o
                0x08007960                USBD_static_free
 .text.USBD_Get_USB_Status
                0x08007974       0x58 ./USB_DEVICE/Target/usbd_conf.o
                0x08007974                USBD_Get_USB_Status
 .text.memset   0x080079cc       0x10 D:/stm32ide/STM32CubeIDE_1.17.0/STM32CubeIDE/plugins/com.st.stm32cube.ide.mcu.externaltools.gnu-tools-for-stm32.12.3.rel1.win32_1.1.0.202410251130/tools/bin/../lib/gcc/arm-none-eabi/12.3.1/../../../../arm-none-eabi/lib/thumb/v7e-m+fp/hard\libc_nano.a(libc_a-memset.o)
                0x080079cc                memset
 .text.__libc_init_array
                0x080079dc       0x48 D:/stm32ide/STM32CubeIDE_1.17.0/STM32CubeIDE/plugins/com.st.stm32cube.ide.mcu.externaltools.gnu-tools-for-stm32.12.3.rel1.win32_1.1.0.202410251130/tools/bin/../lib/gcc/arm-none-eabi/12.3.1/../../../../arm-none-eabi/lib/thumb/v7e-m+fp/hard\libc_nano.a(libc_a-init.o)
                0x080079dc                __libc_init_array
 .text.memcpy   0x08007a24       0x1c D:/stm32ide/STM32CubeIDE_1.17.0/STM32CubeIDE/plugins/com.st.stm32cube.ide.mcu.externaltools.gnu-tools-for-stm32.12.3.rel1.win32_1.1.0.202410251130/tools/bin/../lib/gcc/arm-none-eabi/12.3.1/../../../../arm-none-eabi/lib/thumb/v7e-m+fp/hard\libc_nano.a(libc_a-memcpy-stub.o)
                0x08007a24                memcpy
 *(.glue_7)
 .glue_7        0x08007a40        0x0 linker stubs
 *(.glue_7t)
 .glue_7t       0x08007a40        0x0 linker stubs
 *(.eh_frame)
 .eh_frame      0x08007a40        0x0 D:/stm32ide/STM32CubeIDE_1.17.0/STM32CubeIDE/plugins/com.st.stm32cube.ide.mcu.externaltools.gnu-tools-for-stm32.12.3.rel1.win32_1.1.0.202410251130/tools/bin/../lib/gcc/arm-none-eabi/12.3.1/thumb/v7e-m+fp/hard/crtbegin.o
 *(.init)
 .init          0x08007a40        0x4 D:/stm32ide/STM32CubeIDE_1.17.0/STM32CubeIDE/plugins/com.st.stm32cube.ide.mcu.externaltools.gnu-tools-for-stm32.12.3.rel1.win32_1.1.0.202410251130/tools/bin/../lib/gcc/arm-none-eabi/12.3.1/thumb/v7e-m+fp/hard/crti.o
                0x08007a40                _init
 .init          0x08007a44        0x8 D:/stm32ide/STM32CubeIDE_1.17.0/STM32CubeIDE/plugins/com.st.stm32cube.ide.mcu.externaltools.gnu-tools-for-stm32.12.3.rel1.win32_1.1.0.202410251130/tools/bin/../lib/gcc/arm-none-eabi/12.3.1/thumb/v7e-m+fp/hard/crtn.o
 *(.fini)
 .fini          0x08007a4c        0x4 D:/stm32ide/STM32CubeIDE_1.17.0/STM32CubeIDE/plugins/com.st.stm32cube.ide.mcu.externaltools.gnu-tools-for-stm32.12.3.rel1.win32_1.1.0.202410251130/tools/bin/../lib/gcc/arm-none-eabi/12.3.1/thumb/v7e-m+fp/hard/crti.o
                0x08007a4c                _fini
 .fini          0x08007a50        0x8 D:/stm32ide/STM32CubeIDE_1.17.0/STM32CubeIDE/plugins/com.st.stm32cube.ide.mcu.externaltools.gnu-tools-for-stm32.12.3.rel1.win32_1.1.0.202410251130/tools/bin/../lib/gcc/arm-none-eabi/12.3.1/thumb/v7e-m+fp/hard/crtn.o
                0x08007a58                        . = ALIGN (0x4)
                0x08007a58                        _etext = .

.vfp11_veneer   0x08007a58        0x0
 .vfp11_veneer  0x08007a58        0x0 linker stubs

.v4_bx          0x08007a58        0x0
 .v4_bx         0x08007a58        0x0 linker stubs

.iplt           0x08007a58        0x0
 .iplt          0x08007a58        0x0 D:/stm32ide/STM32CubeIDE_1.17.0/STM32CubeIDE/plugins/com.st.stm32cube.ide.mcu.externaltools.gnu-tools-for-stm32.12.3.rel1.win32_1.1.0.202410251130/tools/bin/../lib/gcc/arm-none-eabi/12.3.1/thumb/v7e-m+fp/hard/crtbegin.o

.rodata         0x08007a58       0x4c
                0x08007a58                        . = ALIGN (0x4)
 *(.rodata)
 .rodata        0x08007a58       0x3a ./USB_DEVICE/App/usbd_desc.o
 *(.rodata*)
 *fill*         0x08007a92        0x2 
 .rodata.AHBPrescTable
                0x08007a94       0x10 ./Core/Src/system_stm32f4xx.o
                0x08007a94                AHBPrescTable
                0x08007aa4                        . = ALIGN (0x4)

.ARM.extab      0x08007aa4        0x0
                0x08007aa4                        . = ALIGN (0x4)
 *(.ARM.extab* .gnu.linkonce.armextab.*)
                0x08007aa4                        . = ALIGN (0x4)

.ARM            0x08007aa4        0x8
                0x08007aa4                        . = ALIGN (0x4)
                0x08007aa4                        __exidx_start = .
 *(.ARM.exidx*)
 .ARM.exidx     0x08007aa4        0x8 D:/stm32ide/STM32CubeIDE_1.17.0/STM32CubeIDE/plugins/com.st.stm32cube.ide.mcu.externaltools.gnu-tools-for-stm32.12.3.rel1.win32_1.1.0.202410251130/tools/bin/../lib/gcc/arm-none-eabi/12.3.1/thumb/v7e-m+fp/hard\libgcc.a(_udivmoddi4.o)
                0x08007aac                        __exidx_end = .
                0x08007aac                        . = ALIGN (0x4)

.preinit_array  0x08007aac        0x0
                0x08007aac                        . = ALIGN (0x4)
                0x08007aac                        PROVIDE (__preinit_array_start = .)
 *(.preinit_array*)
                0x08007aac                        PROVIDE (__preinit_array_end = .)
                0x08007aac                        . = ALIGN (0x4)

.init_array     0x08007aac        0x4
                0x08007aac                        . = ALIGN (0x4)
                0x08007aac                        PROVIDE (__init_array_start = .)
 *(SORT_BY_NAME(.init_array.*))
 *(.init_array*)
 .init_array    0x08007aac        0x4 D:/stm32ide/STM32CubeIDE_1.17.0/STM32CubeIDE/plugins/com.st.stm32cube.ide.mcu.externaltools.gnu-tools-for-stm32.12.3.rel1.win32_1.1.0.202410251130/tools/bin/../lib/gcc/arm-none-eabi/12.3.1/thumb/v7e-m+fp/hard/crtbegin.o
                0x08007ab0                        PROVIDE (__init_array_end = .)
                0x08007ab0                        . = ALIGN (0x4)

.fini_array     0x08007ab0        0x4
                0x08007ab0                        . = ALIGN (0x4)
                [!provide]                        PROVIDE (__fini_array_start = .)
 *(SORT_BY_NAME(.fini_array.*))
 *(.fini_array*)
 .fini_array    0x08007ab0        0x4 D:/stm32ide/STM32CubeIDE_1.17.0/STM32CubeIDE/plugins/com.st.stm32cube.ide.mcu.externaltools.gnu-tools-for-stm32.12.3.rel1.win32_1.1.0.202410251130/tools/bin/../lib/gcc/arm-none-eabi/12.3.1/thumb/v7e-m+fp/hard/crtbegin.o
                [!provide]                        PROVIDE (__fini_array_end = .)
                0x08007ab4                        . = ALIGN (0x4)
                0x08007ab4                        _sidata = LOADADDR (.data)

.rel.dyn        0x08007ab4        0x0
 .rel.iplt      0x08007ab4        0x0 D:/stm32ide/STM32CubeIDE_1.17.0/STM32CubeIDE/plugins/com.st.stm32cube.ide.mcu.externaltools.gnu-tools-for-stm32.12.3.rel1.win32_1.1.0.202410251130/tools/bin/../lib/gcc/arm-none-eabi/12.3.1/thumb/v7e-m+fp/hard/crtbegin.o

.data           0x20000000      0x128 load address 0x08007ab4
                0x20000000                        . = ALIGN (0x4)
                0x20000000                        _sdata = .
 *(.data)
 *(.data*)
 .data.lis3dsh_Sensitivity
                0x20000000        0x4 ./Core/Src/MY_LIS3DSH.o
 .data.min_xval
                0x20000004        0x2 ./Core/Src/main.o
                0x20000004                min_xval
 .data.max_xval
                0x20000006        0x2 ./Core/Src/main.o
                0x20000006                max_xval
 .data.min_yval
                0x20000008        0x2 ./Core/Src/main.o
                0x20000008                min_yval
 .data.max_yval
                0x2000000a        0x2 ./Core/Src/main.o
                0x2000000a                max_yval
 .data.SystemCoreClock
                0x2000000c        0x4 ./Core/Src/system_stm32f4xx.o
                0x2000000c                SystemCoreClock
 .data.uwTickPrio
                0x20000010        0x4 ./Drivers/STM32F4xx_HAL_Driver/Src/stm32f4xx_hal.o
                0x20000010                uwTickPrio
 .data.uwTickFreq
                0x20000014        0x1 ./Drivers/STM32F4xx_HAL_Driver/Src/stm32f4xx_hal.o
                0x20000014                uwTickFreq
 *fill*         0x20000015        0x3 
 .data.USBD_HID
                0x20000018       0x38 ./Middlewares/ST/STM32_USB_Device_Library/Class/HID/Src/usbd_hid.o
                0x20000018                USBD_HID
 .data.USBD_HID_CfgDesc
                0x20000050       0x22 ./Middlewares/ST/STM32_USB_Device_Library/Class/HID/Src/usbd_hid.o
 *fill*         0x20000072        0x2 
 .data.USBD_HID_Desc
                0x20000074        0x9 ./Middlewares/ST/STM32_USB_Device_Library/Class/HID/Src/usbd_hid.o
 *fill*         0x2000007d        0x3 
 .data.USBD_HID_DeviceQualifierDesc
                0x20000080        0xa ./Middlewares/ST/STM32_USB_Device_Library/Class/HID/Src/usbd_hid.o
 *fill*         0x2000008a        0x2 
 .data.HID_MOUSE_ReportDesc
                0x2000008c       0x4a ./Middlewares/ST/STM32_USB_Device_Library/Class/HID/Src/usbd_hid.o
 .data.HIDInEpAdd
                0x200000d6        0x1 ./Middlewares/ST/STM32_USB_Device_Library/Class/HID/Src/usbd_hid.o
 *fill*         0x200000d7        0x1 
 .data.FS_Desc  0x200000d8       0x1c ./USB_DEVICE/App/usbd_desc.o
                0x200000d8                FS_Desc
 .data.USBD_FS_DeviceDesc
                0x200000f4       0x12 ./USB_DEVICE/App/usbd_desc.o
                0x200000f4                USBD_FS_DeviceDesc
 *fill*         0x20000106        0x2 
 .data.USBD_LangIDDesc
                0x20000108        0x4 ./USB_DEVICE/App/usbd_desc.o
                0x20000108                USBD_LangIDDesc
 .data.USBD_StringSerial
                0x2000010c       0x1a ./USB_DEVICE/App/usbd_desc.o
                0x2000010c                USBD_StringSerial
 *(.RamFunc)
 *(.RamFunc*)
                0x20000128                        . = ALIGN (0x4)
 *fill*         0x20000126        0x2 
                0x20000128                        _edata = .
                0x08007bdc                        _siccmram = LOADADDR (.ccmram)

.igot.plt       0x20000128        0x0 load address 0x08007bdc
 .igot.plt      0x20000128        0x0 D:/stm32ide/STM32CubeIDE_1.17.0/STM32CubeIDE/plugins/com.st.stm32cube.ide.mcu.externaltools.gnu-tools-for-stm32.12.3.rel1.win32_1.1.0.202410251130/tools/bin/../lib/gcc/arm-none-eabi/12.3.1/thumb/v7e-m+fp/hard/crtbegin.o

.ccmram         0x10000000        0x0 load address 0x08007bdc
                0x10000000                        . = ALIGN (0x4)
                0x10000000                        _sccmram = .
 *(.ccmram)
 *(.ccmram*)
                0x10000000                        . = ALIGN (0x4)
                0x10000000                        _eccmram = .
                0x10000000                        . = ALIGN (0x4)

.bss            0x20000128      0xabc
                0x20000128                        _sbss = .
                0x20000128                        __bss_start__ = _sbss
 *(.bss)
 .bss           0x20000128       0x1c D:/stm32ide/STM32CubeIDE_1.17.0/STM32CubeIDE/plugins/com.st.stm32cube.ide.mcu.externaltools.gnu-tools-for-stm32.12.3.rel1.win32_1.1.0.202410251130/tools/bin/../lib/gcc/arm-none-eabi/12.3.1/thumb/v7e-m+fp/hard/crtbegin.o
 *(.bss*)
 .bss.accSPI_Handle
                0x20000144       0x58 ./Core/Src/MY_LIS3DSH.o
 .bss.hspi1     0x2000019c       0x58 ./Core/Src/main.o
                0x2000019c                hspi1
 .bss.myAccRawData
                0x200001f4        0x6 ./Core/Src/main.o
                0x200001f4                myAccRawData
 *fill*         0x200001fa        0x2 
 .bss.button_flag
                0x200001fc        0x4 ./Core/Src/main.o
                0x200001fc                button_flag
 .bss.mousehid  0x20000200        0x4 ./Core/Src/main.o
                0x20000200                mousehid
 .bss.newxval   0x20000204        0x2 ./Core/Src/main.o
                0x20000204                newxval
 .bss.newyval   0x20000206        0x2 ./Core/Src/main.o
                0x20000206                newyval
 .bss.uwTick    0x20000208        0x4 ./Drivers/STM32F4xx_HAL_Driver/Src/stm32f4xx_hal.o
                0x20000208                uwTick
 .bss.cfgidx.0  0x2000020c        0x1 ./Middlewares/ST/STM32_USB_Device_Library/Core/Src/usbd_ctlreq.o
 *fill*         0x2000020d        0x3 
 .bss.hUsbDeviceFS
                0x20000210      0x2dc ./USB_DEVICE/App/usb_device.o
                0x20000210                hUsbDeviceFS
 .bss.USBD_StrDesc
                0x200004ec      0x200 ./USB_DEVICE/App/usbd_desc.o
                0x200004ec                USBD_StrDesc
 .bss.hpcd_USB_OTG_FS
                0x200006ec      0x4e4 ./USB_DEVICE/Target/usbd_conf.o
                0x200006ec                hpcd_USB_OTG_FS
 .bss.mem.0     0x20000bd0       0x14 ./USB_DEVICE/Target/usbd_conf.o
 *(COMMON)
                0x20000be4                        . = ALIGN (0x4)
                0x20000be4                        _ebss = .
                0x20000be4                        __bss_end__ = _ebss

._user_heap_stack
                0x20000be4      0x604
                0x20000be8                        . = ALIGN (0x8)
 *fill*         0x20000be4        0x4 
                [!provide]                        PROVIDE (end = .)
                0x20000be8                        PROVIDE (_end = .)
                0x20000de8                        . = (. + _Min_Heap_Size)
 *fill*         0x20000be8      0x200 
                0x200011e8                        . = (. + _Min_Stack_Size)
 *fill*         0x20000de8      0x400 
                0x200011e8                        . = ALIGN (0x8)

/DISCARD/
 libc.a(*)
 libm.a(*)
 libgcc.a(*)

.ARM.attributes
                0x00000000       0x30
 *(.ARM.attributes)
 .ARM.attributes
                0x00000000       0x22 D:/stm32ide/STM32CubeIDE_1.17.0/STM32CubeIDE/plugins/com.st.stm32cube.ide.mcu.externaltools.gnu-tools-for-stm32.12.3.rel1.win32_1.1.0.202410251130/tools/bin/../lib/gcc/arm-none-eabi/12.3.1/thumb/v7e-m+fp/hard/crti.o
 .ARM.attributes
                0x00000022       0x34 D:/stm32ide/STM32CubeIDE_1.17.0/STM32CubeIDE/plugins/com.st.stm32cube.ide.mcu.externaltools.gnu-tools-for-stm32.12.3.rel1.win32_1.1.0.202410251130/tools/bin/../lib/gcc/arm-none-eabi/12.3.1/thumb/v7e-m+fp/hard/crtbegin.o
 .ARM.attributes
                0x00000056       0x34 ./Core/Src/MY_LIS3DSH.o
 .ARM.attributes
                0x0000008a       0x34 ./Core/Src/main.o
 .ARM.attributes
                0x000000be       0x34 ./Core/Src/stm32f4xx_hal_msp.o
 .ARM.attributes
                0x000000f2       0x34 ./Core/Src/stm32f4xx_it.o
 .ARM.attributes
                0x00000126       0x34 ./Core/Src/system_stm32f4xx.o
 .ARM.attributes
                0x0000015a       0x21 ./Core/Startup/startup_stm32f407vgtx.o
 .ARM.attributes
                0x0000017b       0x34 ./Drivers/STM32F4xx_HAL_Driver/Src/stm32f4xx_hal.o
 .ARM.attributes
                0x000001af       0x34 ./Drivers/STM32F4xx_HAL_Driver/Src/stm32f4xx_hal_cortex.o
 .ARM.attributes
                0x000001e3       0x34 ./Drivers/STM32F4xx_HAL_Driver/Src/stm32f4xx_hal_gpio.o
 .ARM.attributes
                0x00000217       0x34 ./Drivers/STM32F4xx_HAL_Driver/Src/stm32f4xx_hal_pcd.o
 .ARM.attributes
                0x0000024b       0x34 ./Drivers/STM32F4xx_HAL_Driver/Src/stm32f4xx_hal_pcd_ex.o
 .ARM.attributes
                0x0000027f       0x34 ./Drivers/STM32F4xx_HAL_Driver/Src/stm32f4xx_hal_rcc.o
 .ARM.attributes
                0x000002b3       0x34 ./Drivers/STM32F4xx_HAL_Driver/Src/stm32f4xx_hal_spi.o
 .ARM.attributes
                0x000002e7       0x34 ./Drivers/STM32F4xx_HAL_Driver/Src/stm32f4xx_ll_usb.o
 .ARM.attributes
                0x0000031b       0x34 ./Middlewares/ST/STM32_USB_Device_Library/Class/HID/Src/usbd_hid.o
 .ARM.attributes
                0x0000034f       0x34 ./Middlewares/ST/STM32_USB_Device_Library/Core/Src/usbd_core.o
 .ARM.attributes
                0x00000383       0x34 ./Middlewares/ST/STM32_USB_Device_Library/Core/Src/usbd_ctlreq.o
 .ARM.attributes
                0x000003b7       0x34 ./Middlewares/ST/STM32_USB_Device_Library/Core/Src/usbd_ioreq.o
 .ARM.attributes
                0x000003eb       0x34 ./USB_DEVICE/App/usb_device.o
 .ARM.attributes
                0x0000041f       0x34 ./USB_DEVICE/App/usbd_desc.o
 .ARM.attributes
                0x00000453       0x34 ./USB_DEVICE/Target/usbd_conf.o
 .ARM.attributes
                0x00000487       0x34 D:/stm32ide/STM32CubeIDE_1.17.0/STM32CubeIDE/plugins/com.st.stm32cube.ide.mcu.externaltools.gnu-tools-for-stm32.12.3.rel1.win32_1.1.0.202410251130/tools/bin/../lib/gcc/arm-none-eabi/12.3.1/../../../../arm-none-eabi/lib/thumb/v7e-m+fp/hard\libc_nano.a(libc_a-memset.o)
 .ARM.attributes
                0x000004bb       0x34 D:/stm32ide/STM32CubeIDE_1.17.0/STM32CubeIDE/plugins/com.st.stm32cube.ide.mcu.externaltools.gnu-tools-for-stm32.12.3.rel1.win32_1.1.0.202410251130/tools/bin/../lib/gcc/arm-none-eabi/12.3.1/../../../../arm-none-eabi/lib/thumb/v7e-m+fp/hard\libc_nano.a(libc_a-init.o)
 .ARM.attributes
                0x000004ef       0x34 D:/stm32ide/STM32CubeIDE_1.17.0/STM32CubeIDE/plugins/com.st.stm32cube.ide.mcu.externaltools.gnu-tools-for-stm32.12.3.rel1.win32_1.1.0.202410251130/tools/bin/../lib/gcc/arm-none-eabi/12.3.1/../../../../arm-none-eabi/lib/thumb/v7e-m+fp/hard\libc_nano.a(libc_a-memcpy-stub.o)
 .ARM.attributes
                0x00000523       0x22 D:/stm32ide/STM32CubeIDE_1.17.0/STM32CubeIDE/plugins/com.st.stm32cube.ide.mcu.externaltools.gnu-tools-for-stm32.12.3.rel1.win32_1.1.0.202410251130/tools/bin/../lib/gcc/arm-none-eabi/12.3.1/thumb/v7e-m+fp/hard\libgcc.a(_aeabi_uldivmod.o)
 .ARM.attributes
                0x00000545       0x34 D:/stm32ide/STM32CubeIDE_1.17.0/STM32CubeIDE/plugins/com.st.stm32cube.ide.mcu.externaltools.gnu-tools-for-stm32.12.3.rel1.win32_1.1.0.202410251130/tools/bin/../lib/gcc/arm-none-eabi/12.3.1/thumb/v7e-m+fp/hard\libgcc.a(_udivmoddi4.o)
 .ARM.attributes
                0x00000579       0x22 D:/stm32ide/STM32CubeIDE_1.17.0/STM32CubeIDE/plugins/com.st.stm32cube.ide.mcu.externaltools.gnu-tools-for-stm32.12.3.rel1.win32_1.1.0.202410251130/tools/bin/../lib/gcc/arm-none-eabi/12.3.1/thumb/v7e-m+fp/hard\libgcc.a(_dvmd_tls.o)
 .ARM.attributes
                0x0000059b       0x22 D:/stm32ide/STM32CubeIDE_1.17.0/STM32CubeIDE/plugins/com.st.stm32cube.ide.mcu.externaltools.gnu-tools-for-stm32.12.3.rel1.win32_1.1.0.202410251130/tools/bin/../lib/gcc/arm-none-eabi/12.3.1/thumb/v7e-m+fp/hard/crtn.o
OUTPUT(usb_mouse_with_accelerometer.elf elf32-littlearm)
LOAD linker stubs
LOAD D:/stm32ide/STM32CubeIDE_1.17.0/STM32CubeIDE/plugins/com.st.stm32cube.ide.mcu.externaltools.gnu-tools-for-stm32.12.3.rel1.win32_1.1.0.202410251130/tools/bin/../lib/gcc/arm-none-eabi/12.3.1/../../../../arm-none-eabi/lib/thumb/v7e-m+fp/hard\libc.a
LOAD D:/stm32ide/STM32CubeIDE_1.17.0/STM32CubeIDE/plugins/com.st.stm32cube.ide.mcu.externaltools.gnu-tools-for-stm32.12.3.rel1.win32_1.1.0.202410251130/tools/bin/../lib/gcc/arm-none-eabi/12.3.1/../../../../arm-none-eabi/lib/thumb/v7e-m+fp/hard\libm.a
LOAD D:/stm32ide/STM32CubeIDE_1.17.0/STM32CubeIDE/plugins/com.st.stm32cube.ide.mcu.externaltools.gnu-tools-for-stm32.12.3.rel1.win32_1.1.0.202410251130/tools/bin/../lib/gcc/arm-none-eabi/12.3.1/thumb/v7e-m+fp/hard\libgcc.a

.debug_info     0x00000000     0xf8a2
 .debug_info    0x00000000      0xb01 ./Core/Src/MY_LIS3DSH.o
 .debug_info    0x00000b01     0x163b ./Core/Src/main.o
 .debug_info    0x0000213c      0x92c ./Core/Src/stm32f4xx_hal_msp.o
 .debug_info    0x00002a68      0x649 ./Core/Src/stm32f4xx_it.o
 .debug_info    0x000030b1      0x512 ./Core/Src/system_stm32f4xx.o
 .debug_info    0x000035c3       0x30 ./Core/Startup/startup_stm32f407vgtx.o
 .debug_info    0x000035f3      0x944 ./Drivers/STM32F4xx_HAL_Driver/Src/stm32f4xx_hal.o
 .debug_info    0x00003f37      0xd8c ./Drivers/STM32F4xx_HAL_Driver/Src/stm32f4xx_hal_cortex.o
 .debug_info    0x00004cc3      0x6c3 ./Drivers/STM32F4xx_HAL_Driver/Src/stm32f4xx_hal_gpio.o
 .debug_info    0x00005386     0x156f ./Drivers/STM32F4xx_HAL_Driver/Src/stm32f4xx_hal_pcd.o
 .debug_info    0x000068f5      0x6ea ./Drivers/STM32F4xx_HAL_Driver/Src/stm32f4xx_hal_pcd_ex.o
 .debug_info    0x00006fdf      0x8af ./Drivers/STM32F4xx_HAL_Driver/Src/stm32f4xx_hal_rcc.o
 .debug_info    0x0000788e     0x1525 ./Drivers/STM32F4xx_HAL_Driver/Src/stm32f4xx_hal_spi.o
 .debug_info    0x00008db3     0x1993 ./Drivers/STM32F4xx_HAL_Driver/Src/stm32f4xx_ll_usb.o
 .debug_info    0x0000a746      0xa84 ./Middlewares/ST/STM32_USB_Device_Library/Class/HID/Src/usbd_hid.o
 .debug_info    0x0000b1ca      0xe05 ./Middlewares/ST/STM32_USB_Device_Library/Core/Src/usbd_core.o
 .debug_info    0x0000bfcf      0xade ./Middlewares/ST/STM32_USB_Device_Library/Core/Src/usbd_ctlreq.o
 .debug_info    0x0000caad      0x755 ./Middlewares/ST/STM32_USB_Device_Library/Core/Src/usbd_ioreq.o
 .debug_info    0x0000d202      0x5ef ./USB_DEVICE/App/usb_device.o
 .debug_info    0x0000d7f1      0x458 ./USB_DEVICE/App/usbd_desc.o
 .debug_info    0x0000dc49     0x1c59 ./USB_DEVICE/Target/usbd_conf.o

.debug_abbrev   0x00000000     0x2d6a
 .debug_abbrev  0x00000000      0x247 ./Core/Src/MY_LIS3DSH.o
 .debug_abbrev  0x00000247      0x316 ./Core/Src/main.o
 .debug_abbrev  0x0000055d      0x1c3 ./Core/Src/stm32f4xx_hal_msp.o
 .debug_abbrev  0x00000720      0x1b9 ./Core/Src/stm32f4xx_it.o
 .debug_abbrev  0x000008d9      0x11a ./Core/Src/system_stm32f4xx.o
 .debug_abbrev  0x000009f3       0x24 ./Core/Startup/startup_stm32f407vgtx.o
 .debug_abbrev  0x00000a17      0x214 ./Drivers/STM32F4xx_HAL_Driver/Src/stm32f4xx_hal.o
 .debug_abbrev  0x00000c2b      0x31d ./Drivers/STM32F4xx_HAL_Driver/Src/stm32f4xx_hal_cortex.o
 .debug_abbrev  0x00000f48      0x1d4 ./Drivers/STM32F4xx_HAL_Driver/Src/stm32f4xx_hal_gpio.o
 .debug_abbrev  0x0000111c      0x2b9 ./Drivers/STM32F4xx_HAL_Driver/Src/stm32f4xx_hal_pcd.o
 .debug_abbrev  0x000013d5      0x1da ./Drivers/STM32F4xx_HAL_Driver/Src/stm32f4xx_hal_pcd_ex.o
 .debug_abbrev  0x000015af      0x2b7 ./Drivers/STM32F4xx_HAL_Driver/Src/stm32f4xx_hal_rcc.o
 .debug_abbrev  0x00001866      0x27a ./Drivers/STM32F4xx_HAL_Driver/Src/stm32f4xx_hal_spi.o
 .debug_abbrev  0x00001ae0      0x2b3 ./Drivers/STM32F4xx_HAL_Driver/Src/stm32f4xx_ll_usb.o
 .debug_abbrev  0x00001d93      0x2a2 ./Middlewares/ST/STM32_USB_Device_Library/Class/HID/Src/usbd_hid.o
 .debug_abbrev  0x00002035      0x27c ./Middlewares/ST/STM32_USB_Device_Library/Core/Src/usbd_core.o
 .debug_abbrev  0x000022b1      0x26f ./Middlewares/ST/STM32_USB_Device_Library/Core/Src/usbd_ctlreq.o
 .debug_abbrev  0x00002520      0x19a ./Middlewares/ST/STM32_USB_Device_Library/Core/Src/usbd_ioreq.o
 .debug_abbrev  0x000026ba      0x190 ./USB_DEVICE/App/usb_device.o
 .debug_abbrev  0x0000284a      0x1e1 ./USB_DEVICE/App/usbd_desc.o
 .debug_abbrev  0x00002a2b      0x33f ./USB_DEVICE/Target/usbd_conf.o

.debug_aranges  0x00000000      0xd40
 .debug_aranges
                0x00000000       0x60 ./Core/Src/MY_LIS3DSH.o
 .debug_aranges
                0x00000060       0x50 ./Core/Src/main.o
 .debug_aranges
                0x000000b0       0x30 ./Core/Src/stm32f4xx_hal_msp.o
 .debug_aranges
                0x000000e0       0x70 ./Core/Src/stm32f4xx_it.o
 .debug_aranges
                0x00000150       0x28 ./Core/Src/system_stm32f4xx.o
 .debug_aranges
                0x00000178       0x28 ./Core/Startup/startup_stm32f407vgtx.o
 .debug_aranges
                0x000001a0       0xf0 ./Drivers/STM32F4xx_HAL_Driver/Src/stm32f4xx_hal.o
 .debug_aranges
                0x00000290      0x130 ./Drivers/STM32F4xx_HAL_Driver/Src/stm32f4xx_hal_cortex.o
 .debug_aranges
                0x000003c0       0x58 ./Drivers/STM32F4xx_HAL_Driver/Src/stm32f4xx_hal_gpio.o
 .debug_aranges
                0x00000418      0x148 ./Drivers/STM32F4xx_HAL_Driver/Src/stm32f4xx_hal_pcd.o
 .debug_aranges
                0x00000560       0x38 ./Drivers/STM32F4xx_HAL_Driver/Src/stm32f4xx_hal_pcd_ex.o
 .debug_aranges
                0x00000598       0x88 ./Drivers/STM32F4xx_HAL_Driver/Src/stm32f4xx_hal_rcc.o
 .debug_aranges
                0x00000620      0x1d0 ./Drivers/STM32F4xx_HAL_Driver/Src/stm32f4xx_hal_spi.o
 .debug_aranges
                0x000007f0      0x1a0 ./Drivers/STM32F4xx_HAL_Driver/Src/stm32f4xx_ll_usb.o
 .debug_aranges
                0x00000990       0x68 ./Middlewares/ST/STM32_USB_Device_Library/Class/HID/Src/usbd_hid.o
 .debug_aranges
                0x000009f8       0xd8 ./Middlewares/ST/STM32_USB_Device_Library/Core/Src/usbd_core.o
 .debug_aranges
                0x00000ad0       0x90 ./Middlewares/ST/STM32_USB_Device_Library/Core/Src/usbd_ctlreq.o
 .debug_aranges
                0x00000b60       0x50 ./Middlewares/ST/STM32_USB_Device_Library/Core/Src/usbd_ioreq.o
 .debug_aranges
                0x00000bb0       0x20 ./USB_DEVICE/App/usb_device.o
 .debug_aranges
                0x00000bd0       0x60 ./USB_DEVICE/App/usbd_desc.o
 .debug_aranges
                0x00000c30      0x110 ./USB_DEVICE/Target/usbd_conf.o

.debug_rnglists
                0x00000000      0x9de
 .debug_rnglists
                0x00000000       0x46 ./Core/Src/MY_LIS3DSH.o
 .debug_rnglists
                0x00000046       0x3b ./Core/Src/main.o
 .debug_rnglists
                0x00000081       0x20 ./Core/Src/stm32f4xx_hal_msp.o
 .debug_rnglists
                0x000000a1       0x4f ./Core/Src/stm32f4xx_it.o
 .debug_rnglists
                0x000000f0       0x1a ./Core/Src/system_stm32f4xx.o
 .debug_rnglists
                0x0000010a       0x19 ./Core/Startup/startup_stm32f407vgtx.o
 .debug_rnglists
                0x00000123       0xaf ./Drivers/STM32F4xx_HAL_Driver/Src/stm32f4xx_hal.o
 .debug_rnglists
                0x000001d2       0xe0 ./Drivers/STM32F4xx_HAL_Driver/Src/stm32f4xx_hal_cortex.o
 .debug_rnglists
                0x000002b2       0x3f ./Drivers/STM32F4xx_HAL_Driver/Src/stm32f4xx_hal_gpio.o
 .debug_rnglists
                0x000002f1       0xfa ./Drivers/STM32F4xx_HAL_Driver/Src/stm32f4xx_hal_pcd.o
 .debug_rnglists
                0x000003eb       0x26 ./Drivers/STM32F4xx_HAL_Driver/Src/stm32f4xx_hal_pcd_ex.o
 .debug_rnglists
                0x00000411       0x66 ./Drivers/STM32F4xx_HAL_Driver/Src/stm32f4xx_hal_rcc.o
 .debug_rnglists
                0x00000477      0x16f ./Drivers/STM32F4xx_HAL_Driver/Src/stm32f4xx_hal_spi.o
 .debug_rnglists
                0x000005e6      0x147 ./Drivers/STM32F4xx_HAL_Driver/Src/stm32f4xx_ll_usb.o
 .debug_rnglists
                0x0000072d       0x4c ./Middlewares/ST/STM32_USB_Device_Library/Class/HID/Src/usbd_hid.o
 .debug_rnglists
                0x00000779       0xa1 ./Middlewares/ST/STM32_USB_Device_Library/Core/Src/usbd_core.o
 .debug_rnglists
                0x0000081a       0x6e ./Middlewares/ST/STM32_USB_Device_Library/Core/Src/usbd_ctlreq.o
 .debug_rnglists
                0x00000888       0x37 ./Middlewares/ST/STM32_USB_Device_Library/Core/Src/usbd_ioreq.o
 .debug_rnglists
                0x000008bf       0x13 ./USB_DEVICE/App/usb_device.o
 .debug_rnglists
                0x000008d2       0x43 ./USB_DEVICE/App/usbd_desc.o
 .debug_rnglists
                0x00000915       0xc9 ./USB_DEVICE/Target/usbd_conf.o

.debug_macro    0x00000000    0x22bb6
 .debug_macro   0x00000000      0x2ca ./Core/Src/MY_LIS3DSH.o
 .debug_macro   0x000002ca      0xab4 ./Core/Src/MY_LIS3DSH.o
 .debug_macro   0x00000d7e      0x29b ./Core/Src/MY_LIS3DSH.o
 .debug_macro   0x00001019       0x2e ./Core/Src/MY_LIS3DSH.o
 .debug_macro   0x00001047       0x2f ./Core/Src/MY_LIS3DSH.o
 .debug_macro   0x00001076       0x22 ./Core/Src/MY_LIS3DSH.o
 .debug_macro   0x00001098       0x8e ./Core/Src/MY_LIS3DSH.o
 .debug_macro   0x00001126       0x51 ./Core/Src/MY_LIS3DSH.o
 .debug_macro   0x00001177      0x103 ./Core/Src/MY_LIS3DSH.o
 .debug_macro   0x0000127a       0x6a ./Core/Src/MY_LIS3DSH.o
 .debug_macro   0x000012e4      0x1df ./Core/Src/MY_LIS3DSH.o
 .debug_macro   0x000014c3       0x1c ./Core/Src/MY_LIS3DSH.o
 .debug_macro   0x000014df       0x22 ./Core/Src/MY_LIS3DSH.o
 .debug_macro   0x00001501       0xfb ./Core/Src/MY_LIS3DSH.o
 .debug_macro   0x000015fc     0x1011 ./Core/Src/MY_LIS3DSH.o
 .debug_macro   0x0000260d      0x11f ./Core/Src/MY_LIS3DSH.o
 .debug_macro   0x0000272c    0x15e97 ./Core/Src/MY_LIS3DSH.o
 .debug_macro   0x000185c3       0x6d ./Core/Src/MY_LIS3DSH.o
 .debug_macro   0x00018630     0x369a ./Core/Src/MY_LIS3DSH.o
 .debug_macro   0x0001bcca      0x189 ./Core/Src/MY_LIS3DSH.o
 .debug_macro   0x0001be53       0x5c ./Core/Src/MY_LIS3DSH.o
 .debug_macro   0x0001beaf      0x980 ./Core/Src/MY_LIS3DSH.o
 .debug_macro   0x0001c82f      0x9e9 ./Core/Src/MY_LIS3DSH.o
 .debug_macro   0x0001d218      0x115 ./Core/Src/MY_LIS3DSH.o
 .debug_macro   0x0001d32d      0x13e ./Core/Src/MY_LIS3DSH.o
 .debug_macro   0x0001d46b       0xa5 ./Core/Src/MY_LIS3DSH.o
 .debug_macro   0x0001d510      0x174 ./Core/Src/MY_LIS3DSH.o
 .debug_macro   0x0001d684      0x287 ./Core/Src/MY_LIS3DSH.o
 .debug_macro   0x0001d90b       0x5f ./Core/Src/MY_LIS3DSH.o
 .debug_macro   0x0001d96a      0x236 ./Core/Src/MY_LIS3DSH.o
 .debug_macro   0x0001dba0      0x12c ./Core/Src/MY_LIS3DSH.o
 .debug_macro   0x0001dccc      0x21e ./Core/Src/MY_LIS3DSH.o
 .debug_macro   0x0001deea       0x2e ./Core/Src/MY_LIS3DSH.o
 .debug_macro   0x0001df18      0x127 ./Core/Src/MY_LIS3DSH.o
 .debug_macro   0x0001e03f       0x7e ./Core/Src/MY_LIS3DSH.o
 .debug_macro   0x0001e0bd       0x89 ./Core/Src/MY_LIS3DSH.o
 .debug_macro   0x0001e146      0x225 ./Core/Src/MY_LIS3DSH.o
 .debug_macro   0x0001e36b      0x293 ./Core/Src/MY_LIS3DSH.o
 .debug_macro   0x0001e5fe       0xba ./Core/Src/MY_LIS3DSH.o
 .debug_macro   0x0001e6b8      0x12d ./Core/Src/MY_LIS3DSH.o
 .debug_macro   0x0001e7e5       0x22 ./Core/Src/MY_LIS3DSH.o
 .debug_macro   0x0001e807       0x61 ./Core/Src/MY_LIS3DSH.o
 .debug_macro   0x0001e868       0x2a ./Core/Src/MY_LIS3DSH.o
 .debug_macro   0x0001e892       0x43 ./Core/Src/MY_LIS3DSH.o
 .debug_macro   0x0001e8d5       0x34 ./Core/Src/MY_LIS3DSH.o
 .debug_macro   0x0001e909       0x16 ./Core/Src/MY_LIS3DSH.o
 .debug_macro   0x0001e91f       0x43 ./Core/Src/MY_LIS3DSH.o
 .debug_macro   0x0001e962       0x34 ./Core/Src/MY_LIS3DSH.o
 .debug_macro   0x0001e996       0x10 ./Core/Src/MY_LIS3DSH.o
 .debug_macro   0x0001e9a6       0x58 ./Core/Src/MY_LIS3DSH.o
 .debug_macro   0x0001e9fe       0x8e ./Core/Src/MY_LIS3DSH.o
 .debug_macro   0x0001ea8c       0x1c ./Core/Src/MY_LIS3DSH.o
 .debug_macro   0x0001eaa8      0x177 ./Core/Src/MY_LIS3DSH.o
 .debug_macro   0x0001ec1f      0x369 ./Core/Src/MY_LIS3DSH.o
 .debug_macro   0x0001ef88       0x10 ./Core/Src/MY_LIS3DSH.o
 .debug_macro   0x0001ef98       0x35 ./Core/Src/MY_LIS3DSH.o
 .debug_macro   0x0001efcd       0x20 ./Core/Src/MY_LIS3DSH.o
 .debug_macro   0x0001efed      0x112 ./Core/Src/MY_LIS3DSH.o
 .debug_macro   0x0001f0ff      0x39e ./Core/Src/main.o
 .debug_macro   0x0001f49d       0x10 ./Core/Src/main.o
 .debug_macro   0x0001f4ad       0x16 ./Core/Src/main.o
 .debug_macro   0x0001f4c3       0x10 ./Core/Src/main.o
 .debug_macro   0x0001f4d3       0x16 ./Core/Src/main.o
 .debug_macro   0x0001f4e9       0x16 ./Core/Src/main.o
 .debug_macro   0x0001f4ff      0x146 ./Core/Src/main.o
 .debug_macro   0x0001f645       0x16 ./Core/Src/main.o
 .debug_macro   0x0001f65b       0x16 ./Core/Src/main.o
 .debug_macro   0x0001f671       0x29 ./Core/Src/main.o
 .debug_macro   0x0001f69a       0x16 ./Core/Src/main.o
 .debug_macro   0x0001f6b0       0x6b ./Core/Src/main.o
 .debug_macro   0x0001f71b      0x20f ./Core/Src/main.o
 .debug_macro   0x0001f92a       0x5f ./Core/Src/main.o
 .debug_macro   0x0001f989      0x1ed ./Core/Src/stm32f4xx_hal_msp.o
 .debug_macro   0x0001fb76      0x1f7 ./Core/Src/stm32f4xx_it.o
 .debug_macro   0x0001fd6d      0x1de ./Core/Src/system_stm32f4xx.o
 .debug_macro   0x0001ff4b      0x23e ./Drivers/STM32F4xx_HAL_Driver/Src/stm32f4xx_hal.o
 .debug_macro   0x00020189      0x1de ./Drivers/STM32F4xx_HAL_Driver/Src/stm32f4xx_hal_cortex.o
 .debug_macro   0x00020367      0x1e4 ./Drivers/STM32F4xx_HAL_Driver/Src/stm32f4xx_hal_gpio.o
 .debug_macro   0x0002054b      0x1ea ./Drivers/STM32F4xx_HAL_Driver/Src/stm32f4xx_hal_pcd.o
 .debug_macro   0x00020735      0x1de ./Drivers/STM32F4xx_HAL_Driver/Src/stm32f4xx_hal_pcd_ex.o
 .debug_macro   0x00020913      0x202 ./Drivers/STM32F4xx_HAL_Driver/Src/stm32f4xx_hal_rcc.o
 .debug_macro   0x00020b15      0x1ed ./Drivers/STM32F4xx_HAL_Driver/Src/stm32f4xx_hal_spi.o
 .debug_macro   0x00020d02      0x1de ./Drivers/STM32F4xx_HAL_Driver/Src/stm32f4xx_ll_usb.o
 .debug_macro   0x00020ee0      0x37c ./Middlewares/ST/STM32_USB_Device_Library/Class/HID/Src/usbd_hid.o
 .debug_macro   0x0002125c       0x9e ./Middlewares/ST/STM32_USB_Device_Library/Class/HID/Src/usbd_hid.o
 .debug_macro   0x000212fa      0x10b ./Middlewares/ST/STM32_USB_Device_Library/Class/HID/Src/usbd_hid.o
 .debug_macro   0x00021405       0x56 ./Middlewares/ST/STM32_USB_Device_Library/Class/HID/Src/usbd_hid.o
 .debug_macro   0x0002145b      0x363 ./Middlewares/ST/STM32_USB_Device_Library/Core/Src/usbd_core.o
 .debug_macro   0x000217be      0x215 ./Middlewares/ST/STM32_USB_Device_Library/Core/Src/usbd_core.o
 .debug_macro   0x000219d3      0x36d ./Middlewares/ST/STM32_USB_Device_Library/Core/Src/usbd_ctlreq.o
 .debug_macro   0x00021d40      0x369 ./Middlewares/ST/STM32_USB_Device_Library/Core/Src/usbd_ioreq.o
 .debug_macro   0x000220a9      0x393 ./USB_DEVICE/App/usb_device.o
 .debug_macro   0x0002243c       0x16 ./USB_DEVICE/App/usb_device.o
 .debug_macro   0x00022452       0x22 ./USB_DEVICE/App/usb_device.o
 .debug_macro   0x00022474      0x3a6 ./USB_DEVICE/App/usbd_desc.o
 .debug_macro   0x0002281a       0x1c ./USB_DEVICE/App/usbd_desc.o
 .debug_macro   0x00022836      0x380 ./USB_DEVICE/Target/usbd_conf.o

.debug_line     0x00000000    0x116d9
 .debug_line    0x00000000      0xb26 ./Core/Src/MY_LIS3DSH.o
 .debug_line    0x00000b26      0xc95 ./Core/Src/main.o
 .debug_line    0x000017bb      0x7c1 ./Core/Src/stm32f4xx_hal_msp.o
 .debug_line    0x00001f7c      0x866 ./Core/Src/stm32f4xx_it.o
 .debug_line    0x000027e2      0x7f8 ./Core/Src/system_stm32f4xx.o
 .debug_line    0x00002fda       0x7a ./Core/Startup/startup_stm32f407vgtx.o
 .debug_line    0x00003054      0xa61 ./Drivers/STM32F4xx_HAL_Driver/Src/stm32f4xx_hal.o
 .debug_line    0x00003ab5      0xd53 ./Drivers/STM32F4xx_HAL_Driver/Src/stm32f4xx_hal_cortex.o
 .debug_line    0x00004808      0xbed ./Drivers/STM32F4xx_HAL_Driver/Src/stm32f4xx_hal_gpio.o
 .debug_line    0x000053f5     0x154a ./Drivers/STM32F4xx_HAL_Driver/Src/stm32f4xx_hal_pcd.o
 .debug_line    0x0000693f      0x83e ./Drivers/STM32F4xx_HAL_Driver/Src/stm32f4xx_hal_pcd_ex.o
 .debug_line    0x0000717d      0xdec ./Drivers/STM32F4xx_HAL_Driver/Src/stm32f4xx_hal_rcc.o
 .debug_line    0x00007f69     0x1d7f ./Drivers/STM32F4xx_HAL_Driver/Src/stm32f4xx_hal_spi.o
 .debug_line    0x00009ce8     0x1e3c ./Drivers/STM32F4xx_HAL_Driver/Src/stm32f4xx_ll_usb.o
 .debug_line    0x0000bb24      0xca8 ./Middlewares/ST/STM32_USB_Device_Library/Class/HID/Src/usbd_hid.o
 .debug_line    0x0000c7cc      0xf77 ./Middlewares/ST/STM32_USB_Device_Library/Core/Src/usbd_core.o
 .debug_line    0x0000d743     0x1187 ./Middlewares/ST/STM32_USB_Device_Library/Core/Src/usbd_ctlreq.o
 .debug_line    0x0000e8ca      0xa91 ./Middlewares/ST/STM32_USB_Device_Library/Core/Src/usbd_ioreq.o
 .debug_line    0x0000f35b      0xa32 ./USB_DEVICE/App/usb_device.o
 .debug_line    0x0000fd8d      0xb16 ./USB_DEVICE/App/usbd_desc.o
 .debug_line    0x000108a3      0xe36 ./USB_DEVICE/Target/usbd_conf.o

.debug_str      0x00000000    0xc640b
 .debug_str     0x00000000    0xc132e ./Core/Src/MY_LIS3DSH.o
                              0xc1648 (size before relaxing)
 .debug_str     0x000c132e     0x1f79 ./Core/Src/main.o
                              0xc3446 (size before relaxing)
 .debug_str     0x000c32a7       0x80 ./Core/Src/stm32f4xx_hal_msp.o
                              0xbdd79 (size before relaxing)
 .debug_str     0x000c3327      0x47a ./Core/Src/stm32f4xx_it.o
                              0xbdc44 (size before relaxing)
 .debug_str     0x000c37a1       0xdb ./Core/Src/system_stm32f4xx.o
                              0xbd8e2 (size before relaxing)
 .debug_str     0x000c387c       0x44 ./Core/Startup/startup_stm32f407vgtx.o
                                 0x79 (size before relaxing)
 .debug_str     0x000c38c0      0x5da ./Drivers/STM32F4xx_HAL_Driver/Src/stm32f4xx_hal.o
                              0xbe466 (size before relaxing)
 .debug_str     0x000c3e9a      0x37f ./Drivers/STM32F4xx_HAL_Driver/Src/stm32f4xx_hal_cortex.o
                              0xbe1e2 (size before relaxing)
 .debug_str     0x000c4219       0xe8 ./Drivers/STM32F4xx_HAL_Driver/Src/stm32f4xx_hal_gpio.o
                              0xbda5d (size before relaxing)
 .debug_str     0x000c4301      0x831 ./Drivers/STM32F4xx_HAL_Driver/Src/stm32f4xx_hal_pcd.o
                              0xbe3c0 (size before relaxing)
 .debug_str     0x000c4b32      0x115 ./Drivers/STM32F4xx_HAL_Driver/Src/stm32f4xx_hal_pcd_ex.o
                              0xbdcb0 (size before relaxing)
 .debug_str     0x000c4c47      0x21f ./Drivers/STM32F4xx_HAL_Driver/Src/stm32f4xx_hal_rcc.o
                              0xbdd16 (size before relaxing)
 .debug_str     0x000c4e66      0x575 ./Drivers/STM32F4xx_HAL_Driver/Src/stm32f4xx_hal_spi.o
                              0xbe1a0 (size before relaxing)
 .debug_str     0x000c53db      0x4a4 ./Drivers/STM32F4xx_HAL_Driver/Src/stm32f4xx_ll_usb.o
                              0xbe29b (size before relaxing)
 .debug_str     0x000c587f      0x2fb ./Middlewares/ST/STM32_USB_Device_Library/Class/HID/Src/usbd_hid.o
                              0xc22e6 (size before relaxing)
 .debug_str     0x000c5b7a      0x366 ./Middlewares/ST/STM32_USB_Device_Library/Core/Src/usbd_core.o
                              0xc2251 (size before relaxing)
 .debug_str     0x000c5ee0      0x139 ./Middlewares/ST/STM32_USB_Device_Library/Core/Src/usbd_ctlreq.o
                              0xc207c (size before relaxing)
 .debug_str     0x000c6019       0x79 ./Middlewares/ST/STM32_USB_Device_Library/Core/Src/usbd_ioreq.o
                              0xc1f51 (size before relaxing)
 .debug_str     0x000c6092       0xa2 ./USB_DEVICE/App/usb_device.o
                              0xc20e4 (size before relaxing)
 .debug_str     0x000c6134      0x264 ./USB_DEVICE/App/usbd_desc.o
                              0xc1e47 (size before relaxing)
 .debug_str     0x000c6398       0x73 ./USB_DEVICE/Target/usbd_conf.o
                              0xc2fe6 (size before relaxing)

.comment        0x00000000       0x43
 .comment       0x00000000       0x43 ./Core/Src/MY_LIS3DSH.o
                                 0x44 (size before relaxing)
 .comment       0x00000043       0x44 ./Core/Src/main.o
 .comment       0x00000043       0x44 ./Core/Src/stm32f4xx_hal_msp.o
 .comment       0x00000043       0x44 ./Core/Src/stm32f4xx_it.o
 .comment       0x00000043       0x44 ./Core/Src/system_stm32f4xx.o
 .comment       0x00000043       0x44 ./Drivers/STM32F4xx_HAL_Driver/Src/stm32f4xx_hal.o
 .comment       0x00000043       0x44 ./Drivers/STM32F4xx_HAL_Driver/Src/stm32f4xx_hal_cortex.o
 .comment       0x00000043       0x44 ./Drivers/STM32F4xx_HAL_Driver/Src/stm32f4xx_hal_gpio.o
 .comment       0x00000043       0x44 ./Drivers/STM32F4xx_HAL_Driver/Src/stm32f4xx_hal_pcd.o
 .comment       0x00000043       0x44 ./Drivers/STM32F4xx_HAL_Driver/Src/stm32f4xx_hal_pcd_ex.o
 .comment       0x00000043       0x44 ./Drivers/STM32F4xx_HAL_Driver/Src/stm32f4xx_hal_rcc.o
 .comment       0x00000043       0x44 ./Drivers/STM32F4xx_HAL_Driver/Src/stm32f4xx_hal_spi.o
 .comment       0x00000043       0x44 ./Drivers/STM32F4xx_HAL_Driver/Src/stm32f4xx_ll_usb.o
 .comment       0x00000043       0x44 ./Middlewares/ST/STM32_USB_Device_Library/Class/HID/Src/usbd_hid.o
 .comment       0x00000043       0x44 ./Middlewares/ST/STM32_USB_Device_Library/Core/Src/usbd_core.o
 .comment       0x00000043       0x44 ./Middlewares/ST/STM32_USB_Device_Library/Core/Src/usbd_ctlreq.o
 .comment       0x00000043       0x44 ./Middlewares/ST/STM32_USB_Device_Library/Core/Src/usbd_ioreq.o
 .comment       0x00000043       0x44 ./USB_DEVICE/App/usb_device.o
 .comment       0x00000043       0x44 ./USB_DEVICE/App/usbd_desc.o
 .comment       0x00000043       0x44 ./USB_DEVICE/Target/usbd_conf.o

.debug_frame    0x00000000     0x35b0
 .debug_frame   0x00000000      0x160 ./Core/Src/MY_LIS3DSH.o
 .debug_frame   0x00000160       0xfc ./Core/Src/main.o
 .debug_frame   0x0000025c       0x7c ./Core/Src/stm32f4xx_hal_msp.o
 .debug_frame   0x000002d8      0x13c ./Core/Src/stm32f4xx_it.o
 .debug_frame   0x00000414       0x58 ./Core/Src/system_stm32f4xx.o
 .debug_frame   0x0000046c      0x374 ./Drivers/STM32F4xx_HAL_Driver/Src/stm32f4xx_hal.o
 .debug_frame   0x000007e0      0x508 ./Drivers/STM32F4xx_HAL_Driver/Src/stm32f4xx_hal_cortex.o
 .debug_frame   0x00000ce8      0x14c ./Drivers/STM32F4xx_HAL_Driver/Src/stm32f4xx_hal_gpio.o
 .debug_frame   0x00000e34      0x5b8 ./Drivers/STM32F4xx_HAL_Driver/Src/stm32f4xx_hal_pcd.o
 .debug_frame   0x000013ec       0xb0 ./Drivers/STM32F4xx_HAL_Driver/Src/stm32f4xx_hal_pcd_ex.o
 .debug_frame   0x0000149c      0x1f4 ./Drivers/STM32F4xx_HAL_Driver/Src/stm32f4xx_hal_rcc.o
 .debug_frame   0x00001690      0x828 ./Drivers/STM32F4xx_HAL_Driver/Src/stm32f4xx_hal_spi.o
 .debug_frame   0x00001eb8      0x7c0 ./Drivers/STM32F4xx_HAL_Driver/Src/stm32f4xx_ll_usb.o
 .debug_frame   0x00002678      0x184 ./Middlewares/ST/STM32_USB_Device_Library/Class/HID/Src/usbd_hid.o
 .debug_frame   0x000027fc      0x390 ./Middlewares/ST/STM32_USB_Device_Library/Core/Src/usbd_core.o
 .debug_frame   0x00002b8c      0x23c ./Middlewares/ST/STM32_USB_Device_Library/Core/Src/usbd_ctlreq.o
 .debug_frame   0x00002dc8      0x10c ./Middlewares/ST/STM32_USB_Device_Library/Core/Src/usbd_ioreq.o
 .debug_frame   0x00002ed4       0x2c ./USB_DEVICE/App/usb_device.o
 .debug_frame   0x00002f00      0x160 ./USB_DEVICE/App/usbd_desc.o
 .debug_frame   0x00003060      0x47c ./USB_DEVICE/Target/usbd_conf.o
 .debug_frame   0x000034dc       0x20 D:/stm32ide/STM32CubeIDE_1.17.0/STM32CubeIDE/plugins/com.st.stm32cube.ide.mcu.externaltools.gnu-tools-for-stm32.12.3.rel1.win32_1.1.0.202410251130/tools/bin/../lib/gcc/arm-none-eabi/12.3.1/../../../../arm-none-eabi/lib/thumb/v7e-m+fp/hard\libc_nano.a(libc_a-memset.o)
 .debug_frame   0x000034fc       0x2c D:/stm32ide/STM32CubeIDE_1.17.0/STM32CubeIDE/plugins/com.st.stm32cube.ide.mcu.externaltools.gnu-tools-for-stm32.12.3.rel1.win32_1.1.0.202410251130/tools/bin/../lib/gcc/arm-none-eabi/12.3.1/../../../../arm-none-eabi/lib/thumb/v7e-m+fp/hard\libc_nano.a(libc_a-init.o)
 .debug_frame   0x00003528       0x28 D:/stm32ide/STM32CubeIDE_1.17.0/STM32CubeIDE/plugins/com.st.stm32cube.ide.mcu.externaltools.gnu-tools-for-stm32.12.3.rel1.win32_1.1.0.202410251130/tools/bin/../lib/gcc/arm-none-eabi/12.3.1/../../../../arm-none-eabi/lib/thumb/v7e-m+fp/hard\libc_nano.a(libc_a-memcpy-stub.o)
 .debug_frame   0x00003550       0x2c D:/stm32ide/STM32CubeIDE_1.17.0/STM32CubeIDE/plugins/com.st.stm32cube.ide.mcu.externaltools.gnu-tools-for-stm32.12.3.rel1.win32_1.1.0.202410251130/tools/bin/../lib/gcc/arm-none-eabi/12.3.1/thumb/v7e-m+fp/hard\libgcc.a(_aeabi_uldivmod.o)
 .debug_frame   0x0000357c       0x34 D:/stm32ide/STM32CubeIDE_1.17.0/STM32CubeIDE/plugins/com.st.stm32cube.ide.mcu.externaltools.gnu-tools-for-stm32.12.3.rel1.win32_1.1.0.202410251130/tools/bin/../lib/gcc/arm-none-eabi/12.3.1/thumb/v7e-m+fp/hard\libgcc.a(_udivmoddi4.o)

.debug_line_str
                0x00000000       0x5d
 .debug_line_str
                0x00000000       0x5d ./Core/Startup/startup_stm32f407vgtx.o
